---
http_interactions:
- request:
    method: get
    uri: https://staging2-lcm-prod.intgdc.com/gdc/md/aa9kzlzod3nq7oj9zj6q2ixk021j1v3v/objects/query?category=projectDashboard&limit=50&offset=0
    body:
      encoding: US-ASCII
      string: ''
    headers:
      Accept:
      - application/json, application/zip
      User-Agent:
      - gooddata-gem/2.1.10/x86_64-darwin16/2.3.8
      Content-Type:
      - application/json
      X-Gdc-Authtt:
      - "<X_GDC_AUTHTT>"
      X-Gdc-Request:
      - ":bRskxGTtAwaCcYwF7SRZHA:rFdqpnWNQMaMYWto-BmskQ"
      Stats-On:
      - ''
      X-Gdc-Version:
      - '2'
      Accept-Encoding:
      - gzip;q=1.0,deflate;q=0.6,identity;q=0.3
      Host:
      - staging2-lcm-prod.intgdc.com
  response:
    status:
      code: 200
      message: OK
    headers:
      Date:
      - Thu, 07 May 2020 13:38:08 GMT
      Server:
      - GoodData WebApp
      Keep-Alive:
      - timeout=5, max=100
      X-Gdc-Log-Header:
      - ''
      Cache-Control:
      - no-cache, no-store, must-revalidate
      Content-Type:
      - application/json;charset=UTF-8
      Transfer-Encoding:
      - chunked
      X-Gdc-Request-Time:
      - '54'
      X-Gdc-Request:
      - ":bRskxGTtAwaCcYwF7SRZHA:rFdqpnWNQMaMYWto-BmskQ:OP93GCWPEMVyVJzX"
      Vary:
      - Accept-Encoding,origin,X-GDC-VERSION
      Strict-Transport-Security:
      - max-age=10886400; includeSubDomains; preload;
    body:
      encoding: ASCII-8BIT
      string: '{"objects":{"paging":{"count":2,"offset":0},"items":[{"projectDashboard":{"content":{"tabs":[{"identifier":"aaisLLlnb2Pb","title":"Tab
        1","items":[{"reportItem":{"obj":"/gdc/md/aa9kzlzod3nq7oj9zj6q2ixk021j1v3v/obj/359","sizeY":100,"sizeX":640,"visualization":{"grid":{"columnWidths":[]},"oneNumber":{"labels":{}}},"style":{"displayTitle":1,"background":{"opacity":0.0}},"positionY":0,"filters":[],"positionX":0}},{"reportItem":{"obj":"/gdc/md/aa9kzlzod3nq7oj9zj6q2ixk021j1v3v/obj/357","sizeY":100,"sizeX":640,"visualization":{"grid":{"columnWidths":[]},"oneNumber":{"labels":{}}},"style":{"displayTitle":1,"background":{"opacity":0.0}},"positionY":150,"filters":[],"positionX":0}},{"reportItem":{"obj":"/gdc/md/aa9kzlzod3nq7oj9zj6q2ixk021j1v3v/obj/361","sizeY":100,"sizeX":640,"visualization":{"grid":{"columnWidths":[]},"oneNumber":{"labels":{}}},"style":{"displayTitle":1,"background":{"opacity":0.0}},"positionY":0,"filters":[],"positionX":0}}]},{"identifier":"aajsLLlnb2Pb","title":"Tab
        2","items":[{"reportItem":{"obj":"/gdc/md/aa9kzlzod3nq7oj9zj6q2ixk021j1v3v/obj/359","sizeY":100,"sizeX":640,"visualization":{"grid":{"columnWidths":[]},"oneNumber":{"labels":{}}},"style":{"displayTitle":1,"background":{"opacity":0.0}},"positionY":0,"filters":[],"positionX":0}},{"reportItem":{"obj":"/gdc/md/aa9kzlzod3nq7oj9zj6q2ixk021j1v3v/obj/357","sizeY":100,"sizeX":640,"visualization":{"grid":{"columnWidths":[]},"oneNumber":{"labels":{}}},"style":{"displayTitle":1,"background":{"opacity":0.0}},"positionY":150,"filters":[],"positionX":0}},{"reportItem":{"obj":"/gdc/md/aa9kzlzod3nq7oj9zj6q2ixk021j1v3v/obj/361","sizeY":100,"sizeX":640,"visualization":{"grid":{"columnWidths":[]},"oneNumber":{"labels":{}}},"style":{"displayTitle":1,"background":{"opacity":0.0}},"positionY":0,"filters":[],"positionX":0}}]}],"filters":[]},"meta":{"author":"/gdc/account/profile/5ad80b895edcc438e5a4418e222733fa","uri":"/gdc/md/aa9kzlzod3nq7oj9zj6q2ixk021j1v3v/obj/362","tags":"dashboard","created":"2020-05-07
        15:21:57","identifier":"dashboard.dashboard.2","deprecated":"0","summary":"","isProduction":1,"title":"Dashboard
        2","category":"projectDashboard","updated":"2020-05-07 15:15:24","contributor":"/gdc/account/profile/5ad80b895edcc438e5a4418e222733fa"}}},{"projectDashboard":{"content":{"tabs":[{"identifier":"aagsLYmwb2wU","title":"Tab
        1","items":[{"reportItem":{"obj":"/gdc/md/aa9kzlzod3nq7oj9zj6q2ixk021j1v3v/obj/359","sizeY":100,"sizeX":640,"visualization":{"grid":{"columnWidths":[]},"oneNumber":{"labels":{}}},"style":{"displayTitle":1,"background":{"opacity":0.0}},"positionY":0,"filters":[],"positionX":0}},{"reportItem":{"obj":"/gdc/md/aa9kzlzod3nq7oj9zj6q2ixk021j1v3v/obj/357","sizeY":100,"sizeX":640,"visualization":{"grid":{"columnWidths":[]},"oneNumber":{"labels":{}}},"style":{"displayTitle":1,"background":{"opacity":0.0}},"positionY":150,"filters":[],"positionX":0}},{"reportItem":{"obj":"/gdc/md/aa9kzlzod3nq7oj9zj6q2ixk021j1v3v/obj/361","sizeY":100,"sizeX":640,"visualization":{"grid":{"columnWidths":[]},"oneNumber":{"labels":{}}},"style":{"displayTitle":1,"background":{"opacity":0.0}},"positionY":0,"filters":[],"positionX":0}}]},{"identifier":"aahsLYmwb2wU","title":"Tab
        2","items":[{"reportItem":{"obj":"/gdc/md/aa9kzlzod3nq7oj9zj6q2ixk021j1v3v/obj/359","sizeY":100,"sizeX":640,"visualization":{"grid":{"columnWidths":[]},"oneNumber":{"labels":{}}},"style":{"displayTitle":1,"background":{"opacity":0.0}},"positionY":0,"filters":[],"positionX":0}},{"reportItem":{"obj":"/gdc/md/aa9kzlzod3nq7oj9zj6q2ixk021j1v3v/obj/357","sizeY":100,"sizeX":640,"visualization":{"grid":{"columnWidths":[]},"oneNumber":{"labels":{}}},"style":{"displayTitle":1,"background":{"opacity":0.0}},"positionY":150,"filters":[],"positionX":0}},{"reportItem":{"obj":"/gdc/md/aa9kzlzod3nq7oj9zj6q2ixk021j1v3v/obj/361","sizeY":100,"sizeX":640,"visualization":{"grid":{"columnWidths":[]},"oneNumber":{"labels":{}}},"style":{"displayTitle":1,"background":{"opacity":0.0}},"positionY":0,"filters":[],"positionX":0}}]}],"filters":[]},"meta":{"author":"/gdc/account/profile/5ad80b895edcc438e5a4418e222733fa","uri":"/gdc/md/aa9kzlzod3nq7oj9zj6q2ixk021j1v3v/obj/363","tags":"dashboard","created":"2020-05-07
        15:21:57","identifier":"dashboard.dashboard.1","deprecated":"0","summary":"","isProduction":1,"title":"Dashboard
        1","category":"projectDashboard","updated":"2020-05-07 15:15:08","contributor":"/gdc/account/profile/5ad80b895edcc438e5a4418e222733fa"}}}]}}'
    http_version:
  recorded_at: Thu, 07 May 2020 13:38:07 GMT
- request:
    method: get
    uri: https://staging2-lcm-prod.intgdc.com/gdc/md/aa9kzlzod3nq7oj9zj6q2ixk021j1v3v/obj/359
    body:
      encoding: US-ASCII
      string: ''
    headers:
      Accept:
      - application/json, application/zip
      User-Agent:
      - gooddata-gem/2.1.10/x86_64-darwin16/2.3.8
      Content-Type:
      - application/json
      X-Gdc-Authtt:
      - "<X_GDC_AUTHTT>"
      X-Gdc-Request:
      - ":bRskxGTtAwaCcYwF7SRZHA:NkrTZfpD6SBCvyt5dq7jfg"
      Stats-On:
      - ''
      X-Gdc-Version:
      - '2'
      Accept-Encoding:
      - gzip;q=1.0,deflate;q=0.6,identity;q=0.3
      Host:
      - staging2-lcm-prod.intgdc.com
  response:
    status:
      code: 200
      message: OK
    headers:
      Date:
      - Thu, 07 May 2020 13:38:09 GMT
      Server:
      - GoodData WebApp
      Keep-Alive:
      - timeout=5, max=100
      X-Gdc-Log-Header:
      - ''
      Cache-Control:
      - no-cache, no-store, must-revalidate
      Content-Type:
      - application/json;charset=UTF-8
      X-Gdc-Request-Time:
      - '34'
      X-Gdc-Request:
      - ":bRskxGTtAwaCcYwF7SRZHA:NkrTZfpD6SBCvyt5dq7jfg:LAn02DwWDnFd2wRL"
      Vary:
      - origin,X-GDC-VERSION
      Transfer-Encoding:
      - chunked
      Strict-Transport-Security:
      - max-age=10886400; includeSubDomains; preload;
    body:
      encoding: ASCII-8BIT
      string: '{"report":{"content":{"domains":[],"definitions":["/gdc/md/aa9kzlzod3nq7oj9zj6q2ixk021j1v3v/obj/358"]},"meta":{"author":"/gdc/account/profile/5ad80b895edcc438e5a4418e222733fa","uri":"/gdc/md/aa9kzlzod3nq7oj9zj6q2ixk021j1v3v/obj/359","tags":"","created":"2020-05-07
        15:21:57","identifier":"report.customers.count.by.gender","deprecated":"0","summary":"","isProduction":1,"title":"Customers
        Count By Gender","category":"report","updated":"2020-05-07 15:13:53","contributor":"/gdc/account/profile/5ad80b895edcc438e5a4418e222733fa"}}}'
    http_version:
  recorded_at: Thu, 07 May 2020 13:38:08 GMT
- request:
    method: get
    uri: https://staging2-lcm-prod.intgdc.com/gdc/md/aa9kzlzod3nq7oj9zj6q2ixk021j1v3v/obj/357
    body:
      encoding: US-ASCII
      string: ''
    headers:
      Accept:
      - application/json, application/zip
      User-Agent:
      - gooddata-gem/2.1.10/x86_64-darwin16/2.3.8
      Content-Type:
      - application/json
      X-Gdc-Authtt:
      - "<X_GDC_AUTHTT>"
      X-Gdc-Request:
      - ":bRskxGTtAwaCcYwF7SRZHA:AohgaxO97I1XKKyxVsWeRw"
      Stats-On:
      - ''
      X-Gdc-Version:
      - '2'
      Accept-Encoding:
      - gzip;q=1.0,deflate;q=0.6,identity;q=0.3
      Host:
      - staging2-lcm-prod.intgdc.com
  response:
    status:
      code: 200
      message: OK
    headers:
      Date:
      - Thu, 07 May 2020 13:38:10 GMT
      Server:
      - GoodData WebApp
      Keep-Alive:
      - timeout=5, max=100
      X-Gdc-Log-Header:
      - ''
      Cache-Control:
      - no-cache, no-store, must-revalidate
      Content-Type:
      - application/json;charset=UTF-8
      X-Gdc-Request-Time:
      - '35'
      X-Gdc-Request:
      - ":bRskxGTtAwaCcYwF7SRZHA:AohgaxO97I1XKKyxVsWeRw:MhQ1ZQ1ZPvSpFzt2"
      Vary:
      - origin,X-GDC-VERSION
      Transfer-Encoding:
      - chunked
      Strict-Transport-Security:
      - max-age=10886400; includeSubDomains; preload;
    body:
      encoding: ASCII-8BIT
      string: '{"report":{"content":{"domains":[],"definitions":["/gdc/md/aa9kzlzod3nq7oj9zj6q2ixk021j1v3v/obj/356"]},"meta":{"author":"/gdc/account/profile/5ad80b895edcc438e5a4418e222733fa","uri":"/gdc/md/aa9kzlzod3nq7oj9zj6q2ixk021j1v3v/obj/357","tags":"","created":"2020-05-07
        15:21:57","identifier":"report.customers.count.by.state","deprecated":"0","summary":"","isProduction":1,"title":"Customers
        Count By State","category":"report","updated":"2020-05-07 15:14:03","contributor":"/gdc/account/profile/5ad80b895edcc438e5a4418e222733fa"}}}'
    http_version:
  recorded_at: Thu, 07 May 2020 13:38:09 GMT
- request:
    method: get
    uri: https://staging2-lcm-prod.intgdc.com/gdc/md/aa9kzlzod3nq7oj9zj6q2ixk021j1v3v/obj/361
    body:
      encoding: US-ASCII
      string: ''
    headers:
      Accept:
      - application/json, application/zip
      User-Agent:
      - gooddata-gem/2.1.10/x86_64-darwin16/2.3.8
      Content-Type:
      - application/json
      X-Gdc-Authtt:
      - "<X_GDC_AUTHTT>"
      X-Gdc-Request:
      - ":bRskxGTtAwaCcYwF7SRZHA:9vLyTgxKSaIMcYApuYhSiQ"
      Stats-On:
      - ''
      X-Gdc-Version:
      - '2'
      Accept-Encoding:
      - gzip;q=1.0,deflate;q=0.6,identity;q=0.3
      Host:
      - staging2-lcm-prod.intgdc.com
  response:
    status:
      code: 200
      message: OK
    headers:
      Date:
      - Thu, 07 May 2020 13:38:11 GMT
      Server:
      - GoodData WebApp
      Keep-Alive:
      - timeout=5, max=100
      X-Gdc-Log-Header:
      - ''
      Cache-Control:
      - no-cache, no-store, must-revalidate
      Content-Type:
      - application/json;charset=UTF-8
      X-Gdc-Request-Time:
      - '39'
      X-Gdc-Request:
      - ":bRskxGTtAwaCcYwF7SRZHA:9vLyTgxKSaIMcYApuYhSiQ:Epcf3Gad8hRcNGKe"
      Vary:
      - origin,X-GDC-VERSION
      Transfer-Encoding:
      - chunked
      Strict-Transport-Security:
      - max-age=10886400; includeSubDomains; preload;
    body:
      encoding: ASCII-8BIT
      string: '{"report":{"content":{"domains":[],"definitions":["/gdc/md/aa9kzlzod3nq7oj9zj6q2ixk021j1v3v/obj/360"]},"meta":{"author":"/gdc/account/profile/5ad80b895edcc438e5a4418e222733fa","uri":"/gdc/md/aa9kzlzod3nq7oj9zj6q2ixk021j1v3v/obj/361","tags":"","created":"2020-05-07
        15:21:57","identifier":"report.report.contains.ca","deprecated":"0","summary":"","isProduction":1,"title":"Report
        contains CA","category":"report","updated":"2020-05-07 15:14:49","contributor":"/gdc/account/profile/5ad80b895edcc438e5a4418e222733fa"}}}'
    http_version:
  recorded_at: Thu, 07 May 2020 13:38:10 GMT
- request:
    method: get
    uri: https://staging2-lcm-prod.intgdc.com/gdc/md/aa9kzlzod3nq7oj9zj6q2ixk021j1v3v/obj/359
    body:
      encoding: US-ASCII
      string: ''
    headers:
      Accept:
      - application/json, application/zip
      User-Agent:
      - gooddata-gem/2.1.10/x86_64-darwin16/2.3.8
      Content-Type:
      - application/json
      X-Gdc-Authtt:
      - "<X_GDC_AUTHTT>"
      X-Gdc-Request:
      - ":bRskxGTtAwaCcYwF7SRZHA:KVTAs16bbPr7-HcQrS07Mg"
      Stats-On:
      - ''
      X-Gdc-Version:
      - '2'
      Accept-Encoding:
      - gzip;q=1.0,deflate;q=0.6,identity;q=0.3
      Host:
      - staging2-lcm-prod.intgdc.com
  response:
    status:
      code: 200
      message: OK
    headers:
      Date:
      - Thu, 07 May 2020 13:38:12 GMT
      Server:
      - GoodData WebApp
      Keep-Alive:
      - timeout=5, max=100
      X-Gdc-Log-Header:
      - ''
      Cache-Control:
      - no-cache, no-store, must-revalidate
      Content-Type:
      - application/json;charset=UTF-8
      X-Gdc-Request-Time:
      - '31'
      X-Gdc-Request:
      - ":bRskxGTtAwaCcYwF7SRZHA:KVTAs16bbPr7-HcQrS07Mg:RikhQNMsYAuF8zlT"
      Vary:
      - origin,X-GDC-VERSION
      Transfer-Encoding:
      - chunked
      Strict-Transport-Security:
      - max-age=10886400; includeSubDomains; preload;
    body:
      encoding: ASCII-8BIT
      string: '{"report":{"content":{"domains":[],"definitions":["/gdc/md/aa9kzlzod3nq7oj9zj6q2ixk021j1v3v/obj/358"]},"meta":{"author":"/gdc/account/profile/5ad80b895edcc438e5a4418e222733fa","uri":"/gdc/md/aa9kzlzod3nq7oj9zj6q2ixk021j1v3v/obj/359","tags":"","created":"2020-05-07
        15:21:57","identifier":"report.customers.count.by.gender","deprecated":"0","summary":"","isProduction":1,"title":"Customers
        Count By Gender","category":"report","updated":"2020-05-07 15:13:53","contributor":"/gdc/account/profile/5ad80b895edcc438e5a4418e222733fa"}}}'
    http_version:
  recorded_at: Thu, 07 May 2020 13:38:11 GMT
- request:
    method: get
    uri: https://staging2-lcm-prod.intgdc.com/gdc/md/aa9kzlzod3nq7oj9zj6q2ixk021j1v3v/obj/357
    body:
      encoding: US-ASCII
      string: ''
    headers:
      Accept:
      - application/json, application/zip
      User-Agent:
      - gooddata-gem/2.1.10/x86_64-darwin16/2.3.8
      Content-Type:
      - application/json
      X-Gdc-Authtt:
      - "<X_GDC_AUTHTT>"
      X-Gdc-Request:
      - ":bRskxGTtAwaCcYwF7SRZHA:S0TrQdESsSEUt1SXG9ey4w"
      Stats-On:
      - ''
      X-Gdc-Version:
      - '2'
      Accept-Encoding:
      - gzip;q=1.0,deflate;q=0.6,identity;q=0.3
      Host:
      - staging2-lcm-prod.intgdc.com
  response:
    status:
      code: 200
      message: OK
    headers:
      Date:
      - Thu, 07 May 2020 13:38:13 GMT
      Server:
      - GoodData WebApp
      Keep-Alive:
      - timeout=5, max=100
      X-Gdc-Log-Header:
      - ''
      Cache-Control:
      - no-cache, no-store, must-revalidate
      Content-Type:
      - application/json;charset=UTF-8
      X-Gdc-Request-Time:
      - '32'
      X-Gdc-Request:
      - ":bRskxGTtAwaCcYwF7SRZHA:S0TrQdESsSEUt1SXG9ey4w:DwnEjdMmUcHYsM0R"
      Vary:
      - origin,X-GDC-VERSION
      Transfer-Encoding:
      - chunked
      Strict-Transport-Security:
      - max-age=10886400; includeSubDomains; preload;
    body:
      encoding: ASCII-8BIT
      string: '{"report":{"content":{"domains":[],"definitions":["/gdc/md/aa9kzlzod3nq7oj9zj6q2ixk021j1v3v/obj/356"]},"meta":{"author":"/gdc/account/profile/5ad80b895edcc438e5a4418e222733fa","uri":"/gdc/md/aa9kzlzod3nq7oj9zj6q2ixk021j1v3v/obj/357","tags":"","created":"2020-05-07
        15:21:57","identifier":"report.customers.count.by.state","deprecated":"0","summary":"","isProduction":1,"title":"Customers
        Count By State","category":"report","updated":"2020-05-07 15:14:03","contributor":"/gdc/account/profile/5ad80b895edcc438e5a4418e222733fa"}}}'
    http_version:
  recorded_at: Thu, 07 May 2020 13:38:13 GMT
- request:
    method: get
    uri: https://staging2-lcm-prod.intgdc.com/gdc/md/aa9kzlzod3nq7oj9zj6q2ixk021j1v3v/obj/361
    body:
      encoding: US-ASCII
      string: ''
    headers:
      Accept:
      - application/json, application/zip
      User-Agent:
      - gooddata-gem/2.1.10/x86_64-darwin16/2.3.8
      Content-Type:
      - application/json
      X-Gdc-Authtt:
      - "<X_GDC_AUTHTT>"
      X-Gdc-Request:
      - ":bRskxGTtAwaCcYwF7SRZHA:FKDXqyQrnvHby0tvGykIRw"
      Stats-On:
      - ''
      X-Gdc-Version:
      - '2'
      Accept-Encoding:
      - gzip;q=1.0,deflate;q=0.6,identity;q=0.3
      Host:
      - staging2-lcm-prod.intgdc.com
  response:
    status:
      code: 200
      message: OK
    headers:
      Date:
      - Thu, 07 May 2020 13:38:14 GMT
      Server:
      - GoodData WebApp
      Keep-Alive:
      - timeout=5, max=100
      X-Gdc-Log-Header:
      - ''
      Cache-Control:
      - no-cache, no-store, must-revalidate
      Content-Type:
      - application/json;charset=UTF-8
      X-Gdc-Request-Time:
      - '33'
      X-Gdc-Request:
      - ":bRskxGTtAwaCcYwF7SRZHA:FKDXqyQrnvHby0tvGykIRw:P5kSYjnwalsGQqOo"
      Vary:
      - origin,X-GDC-VERSION
      Transfer-Encoding:
      - chunked
      Strict-Transport-Security:
      - max-age=10886400; includeSubDomains; preload;
    body:
      encoding: ASCII-8BIT
      string: '{"report":{"content":{"domains":[],"definitions":["/gdc/md/aa9kzlzod3nq7oj9zj6q2ixk021j1v3v/obj/360"]},"meta":{"author":"/gdc/account/profile/5ad80b895edcc438e5a4418e222733fa","uri":"/gdc/md/aa9kzlzod3nq7oj9zj6q2ixk021j1v3v/obj/361","tags":"","created":"2020-05-07
        15:21:57","identifier":"report.report.contains.ca","deprecated":"0","summary":"","isProduction":1,"title":"Report
        contains CA","category":"report","updated":"2020-05-07 15:14:49","contributor":"/gdc/account/profile/5ad80b895edcc438e5a4418e222733fa"}}}'
    http_version:
  recorded_at: Thu, 07 May 2020 13:38:13 GMT
- request:
    method: get
    uri: https://staging2-lcm-prod.intgdc.com/gdc/md/aa9kzlzod3nq7oj9zj6q2ixk021j1v3v/obj/359
    body:
      encoding: US-ASCII
      string: ''
    headers:
      Accept:
      - application/json, application/zip
      User-Agent:
      - gooddata-gem/2.1.10/x86_64-darwin16/2.3.8
      Content-Type:
      - application/json
      X-Gdc-Authtt:
      - "<X_GDC_AUTHTT>"
      X-Gdc-Request:
      - ":bRskxGTtAwaCcYwF7SRZHA:Cie54wibErDpPfKoUCxnQg"
      Stats-On:
      - ''
      X-Gdc-Version:
      - '2'
      Accept-Encoding:
      - gzip;q=1.0,deflate;q=0.6,identity;q=0.3
      Host:
      - staging2-lcm-prod.intgdc.com
  response:
    status:
      code: 200
      message: OK
    headers:
      Date:
      - Thu, 07 May 2020 13:38:15 GMT
      Server:
      - GoodData WebApp
      Keep-Alive:
      - timeout=5, max=100
      X-Gdc-Log-Header:
      - ''
      Cache-Control:
      - no-cache, no-store, must-revalidate
      Content-Type:
      - application/json;charset=UTF-8
      X-Gdc-Request-Time:
      - '30'
      X-Gdc-Request:
      - ":bRskxGTtAwaCcYwF7SRZHA:Cie54wibErDpPfKoUCxnQg:bZpkSuJ21tta6NwW"
      Vary:
      - origin,X-GDC-VERSION
      Transfer-Encoding:
      - chunked
      Strict-Transport-Security:
      - max-age=10886400; includeSubDomains; preload;
    body:
      encoding: ASCII-8BIT
      string: '{"report":{"content":{"domains":[],"definitions":["/gdc/md/aa9kzlzod3nq7oj9zj6q2ixk021j1v3v/obj/358"]},"meta":{"author":"/gdc/account/profile/5ad80b895edcc438e5a4418e222733fa","uri":"/gdc/md/aa9kzlzod3nq7oj9zj6q2ixk021j1v3v/obj/359","tags":"","created":"2020-05-07
        15:21:57","identifier":"report.customers.count.by.gender","deprecated":"0","summary":"","isProduction":1,"title":"Customers
        Count By Gender","category":"report","updated":"2020-05-07 15:13:53","contributor":"/gdc/account/profile/5ad80b895edcc438e5a4418e222733fa"}}}'
    http_version:
  recorded_at: Thu, 07 May 2020 13:38:15 GMT
- request:
    method: get
    uri: https://staging2-lcm-prod.intgdc.com/gdc/md/aa9kzlzod3nq7oj9zj6q2ixk021j1v3v/obj/357
    body:
      encoding: US-ASCII
      string: ''
    headers:
      Accept:
      - application/json, application/zip
      User-Agent:
      - gooddata-gem/2.1.10/x86_64-darwin16/2.3.8
      Content-Type:
      - application/json
      X-Gdc-Authtt:
      - "<X_GDC_AUTHTT>"
      X-Gdc-Request:
      - ":bRskxGTtAwaCcYwF7SRZHA:rP0af81P_waKsDxFwWeRWg"
      Stats-On:
      - ''
      X-Gdc-Version:
      - '2'
      Accept-Encoding:
      - gzip;q=1.0,deflate;q=0.6,identity;q=0.3
      Host:
      - staging2-lcm-prod.intgdc.com
  response:
    status:
      code: 200
      message: OK
    headers:
      Date:
      - Thu, 07 May 2020 13:38:17 GMT
      Server:
      - GoodData WebApp
      Keep-Alive:
      - timeout=5, max=100
      X-Gdc-Log-Header:
      - ''
      Cache-Control:
      - no-cache, no-store, must-revalidate
      Content-Type:
      - application/json;charset=UTF-8
      X-Gdc-Request-Time:
      - '30'
      X-Gdc-Request:
      - ":bRskxGTtAwaCcYwF7SRZHA:rP0af81P_waKsDxFwWeRWg:254qp1LitvrQD0kZ"
      Vary:
      - origin,X-GDC-VERSION
      Transfer-Encoding:
      - chunked
      Strict-Transport-Security:
      - max-age=10886400; includeSubDomains; preload;
    body:
      encoding: ASCII-8BIT
      string: '{"report":{"content":{"domains":[],"definitions":["/gdc/md/aa9kzlzod3nq7oj9zj6q2ixk021j1v3v/obj/356"]},"meta":{"author":"/gdc/account/profile/5ad80b895edcc438e5a4418e222733fa","uri":"/gdc/md/aa9kzlzod3nq7oj9zj6q2ixk021j1v3v/obj/357","tags":"","created":"2020-05-07
        15:21:57","identifier":"report.customers.count.by.state","deprecated":"0","summary":"","isProduction":1,"title":"Customers
        Count By State","category":"report","updated":"2020-05-07 15:14:03","contributor":"/gdc/account/profile/5ad80b895edcc438e5a4418e222733fa"}}}'
    http_version:
  recorded_at: Thu, 07 May 2020 13:38:16 GMT
- request:
    method: get
    uri: https://staging2-lcm-prod.intgdc.com/gdc/md/aa9kzlzod3nq7oj9zj6q2ixk021j1v3v/obj/361
    body:
      encoding: US-ASCII
      string: ''
    headers:
      Accept:
      - application/json, application/zip
      User-Agent:
      - gooddata-gem/2.1.10/x86_64-darwin16/2.3.8
      Content-Type:
      - application/json
      X-Gdc-Authtt:
      - "<X_GDC_AUTHTT>"
      X-Gdc-Request:
      - ":bRskxGTtAwaCcYwF7SRZHA:4A6nTdvf1ysUo2ckyO_mtw"
      Stats-On:
      - ''
      X-Gdc-Version:
      - '2'
      Accept-Encoding:
      - gzip;q=1.0,deflate;q=0.6,identity;q=0.3
      Host:
      - staging2-lcm-prod.intgdc.com
  response:
    status:
      code: 200
      message: OK
    headers:
      Date:
      - Thu, 07 May 2020 13:38:18 GMT
      Server:
      - GoodData WebApp
      Keep-Alive:
      - timeout=5, max=100
      X-Gdc-Log-Header:
      - ''
      Cache-Control:
      - no-cache, no-store, must-revalidate
      Content-Type:
      - application/json;charset=UTF-8
      X-Gdc-Request-Time:
      - '31'
      X-Gdc-Request:
      - ":bRskxGTtAwaCcYwF7SRZHA:4A6nTdvf1ysUo2ckyO_mtw:txHD9Z5IZ6xrUKbe"
      Vary:
      - origin,X-GDC-VERSION
      Transfer-Encoding:
      - chunked
      Strict-Transport-Security:
      - max-age=10886400; includeSubDomains; preload;
    body:
      encoding: ASCII-8BIT
      string: '{"report":{"content":{"domains":[],"definitions":["/gdc/md/aa9kzlzod3nq7oj9zj6q2ixk021j1v3v/obj/360"]},"meta":{"author":"/gdc/account/profile/5ad80b895edcc438e5a4418e222733fa","uri":"/gdc/md/aa9kzlzod3nq7oj9zj6q2ixk021j1v3v/obj/361","tags":"","created":"2020-05-07
        15:21:57","identifier":"report.report.contains.ca","deprecated":"0","summary":"","isProduction":1,"title":"Report
        contains CA","category":"report","updated":"2020-05-07 15:14:49","contributor":"/gdc/account/profile/5ad80b895edcc438e5a4418e222733fa"}}}'
    http_version:
  recorded_at: Thu, 07 May 2020 13:38:17 GMT
- request:
    method: get
    uri: https://staging2-lcm-prod.intgdc.com/gdc/md/aa9kzlzod3nq7oj9zj6q2ixk021j1v3v/obj/359
    body:
      encoding: US-ASCII
      string: ''
    headers:
      Accept:
      - application/json, application/zip
      User-Agent:
      - gooddata-gem/2.1.10/x86_64-darwin16/2.3.8
      Content-Type:
      - application/json
      X-Gdc-Authtt:
      - "<X_GDC_AUTHTT>"
      X-Gdc-Request:
      - ":bRskxGTtAwaCcYwF7SRZHA:hJNcbetORB_T02FzoHlCDQ"
      Stats-On:
      - ''
      X-Gdc-Version:
      - '2'
      Accept-Encoding:
      - gzip;q=1.0,deflate;q=0.6,identity;q=0.3
      Host:
      - staging2-lcm-prod.intgdc.com
  response:
    status:
      code: 200
      message: OK
    headers:
      Date:
      - Thu, 07 May 2020 13:38:19 GMT
      Server:
      - GoodData WebApp
      Keep-Alive:
      - timeout=5, max=100
      X-Gdc-Log-Header:
      - ''
      Cache-Control:
      - no-cache, no-store, must-revalidate
      Content-Type:
      - application/json;charset=UTF-8
      X-Gdc-Request-Time:
      - '36'
      X-Gdc-Request:
      - ":bRskxGTtAwaCcYwF7SRZHA:hJNcbetORB_T02FzoHlCDQ:CgmGDR6Szs7SMWOB"
      Vary:
      - origin,X-GDC-VERSION
      Transfer-Encoding:
      - chunked
      Strict-Transport-Security:
      - max-age=10886400; includeSubDomains; preload;
    body:
      encoding: ASCII-8BIT
      string: '{"report":{"content":{"domains":[],"definitions":["/gdc/md/aa9kzlzod3nq7oj9zj6q2ixk021j1v3v/obj/358"]},"meta":{"author":"/gdc/account/profile/5ad80b895edcc438e5a4418e222733fa","uri":"/gdc/md/aa9kzlzod3nq7oj9zj6q2ixk021j1v3v/obj/359","tags":"","created":"2020-05-07
        15:21:57","identifier":"report.customers.count.by.gender","deprecated":"0","summary":"","isProduction":1,"title":"Customers
        Count By Gender","category":"report","updated":"2020-05-07 15:13:53","contributor":"/gdc/account/profile/5ad80b895edcc438e5a4418e222733fa"}}}'
    http_version:
  recorded_at: Thu, 07 May 2020 13:38:18 GMT
- request:
    method: get
    uri: https://staging2-lcm-prod.intgdc.com/gdc/md/aa9kzlzod3nq7oj9zj6q2ixk021j1v3v/obj/357
    body:
      encoding: US-ASCII
      string: ''
    headers:
      Accept:
      - application/json, application/zip
      User-Agent:
      - gooddata-gem/2.1.10/x86_64-darwin16/2.3.8
      Content-Type:
      - application/json
      X-Gdc-Authtt:
      - "<X_GDC_AUTHTT>"
      X-Gdc-Request:
      - ":bRskxGTtAwaCcYwF7SRZHA:zdDFgJevfeOXfRxlvN2_0A"
      Stats-On:
      - ''
      X-Gdc-Version:
      - '2'
      Accept-Encoding:
      - gzip;q=1.0,deflate;q=0.6,identity;q=0.3
      Host:
      - staging2-lcm-prod.intgdc.com
  response:
    status:
      code: 200
      message: OK
    headers:
      Date:
      - Thu, 07 May 2020 13:38:22 GMT
      Server:
      - GoodData WebApp
      Keep-Alive:
      - timeout=5, max=100
      X-Gdc-Log-Header:
      - ''
      Cache-Control:
      - no-cache, no-store, must-revalidate
      Content-Type:
      - application/json;charset=UTF-8
      X-Gdc-Request-Time:
      - '31'
      X-Gdc-Request:
      - ":bRskxGTtAwaCcYwF7SRZHA:zdDFgJevfeOXfRxlvN2_0A:DU4tmInX7qpHCEAG"
      Vary:
      - origin,X-GDC-VERSION
      Transfer-Encoding:
      - chunked
      Strict-Transport-Security:
      - max-age=10886400; includeSubDomains; preload;
    body:
      encoding: ASCII-8BIT
      string: '{"report":{"content":{"domains":[],"definitions":["/gdc/md/aa9kzlzod3nq7oj9zj6q2ixk021j1v3v/obj/356"]},"meta":{"author":"/gdc/account/profile/5ad80b895edcc438e5a4418e222733fa","uri":"/gdc/md/aa9kzlzod3nq7oj9zj6q2ixk021j1v3v/obj/357","tags":"","created":"2020-05-07
        15:21:57","identifier":"report.customers.count.by.state","deprecated":"0","summary":"","isProduction":1,"title":"Customers
        Count By State","category":"report","updated":"2020-05-07 15:14:03","contributor":"/gdc/account/profile/5ad80b895edcc438e5a4418e222733fa"}}}'
    http_version:
  recorded_at: Thu, 07 May 2020 13:38:21 GMT
- request:
    method: get
    uri: https://staging2-lcm-prod.intgdc.com/gdc/md/aa9kzlzod3nq7oj9zj6q2ixk021j1v3v/obj/361
    body:
      encoding: US-ASCII
      string: ''
    headers:
      Accept:
      - application/json, application/zip
      User-Agent:
      - gooddata-gem/2.1.10/x86_64-darwin16/2.3.8
      Content-Type:
      - application/json
      X-Gdc-Authtt:
      - "<X_GDC_AUTHTT>"
      X-Gdc-Request:
      - ":bRskxGTtAwaCcYwF7SRZHA:2w9sIGL5UwETA4V3fqzQgw"
      Stats-On:
      - ''
      X-Gdc-Version:
      - '2'
      Accept-Encoding:
      - gzip;q=1.0,deflate;q=0.6,identity;q=0.3
      Host:
      - staging2-lcm-prod.intgdc.com
  response:
    status:
      code: 200
      message: OK
    headers:
      Date:
      - Thu, 07 May 2020 13:38:23 GMT
      Server:
      - GoodData WebApp
      Keep-Alive:
      - timeout=5, max=100
      X-Gdc-Log-Header:
      - ''
      Cache-Control:
      - no-cache, no-store, must-revalidate
      Content-Type:
      - application/json;charset=UTF-8
      X-Gdc-Request-Time:
      - '37'
      X-Gdc-Request:
      - ":bRskxGTtAwaCcYwF7SRZHA:2w9sIGL5UwETA4V3fqzQgw:FW5FQjkYHT5FNmA6"
      Vary:
      - origin,X-GDC-VERSION
      Transfer-Encoding:
      - chunked
      Strict-Transport-Security:
      - max-age=10886400; includeSubDomains; preload;
    body:
      encoding: ASCII-8BIT
      string: '{"report":{"content":{"domains":[],"definitions":["/gdc/md/aa9kzlzod3nq7oj9zj6q2ixk021j1v3v/obj/360"]},"meta":{"author":"/gdc/account/profile/5ad80b895edcc438e5a4418e222733fa","uri":"/gdc/md/aa9kzlzod3nq7oj9zj6q2ixk021j1v3v/obj/361","tags":"","created":"2020-05-07
        15:21:57","identifier":"report.report.contains.ca","deprecated":"0","summary":"","isProduction":1,"title":"Report
        contains CA","category":"report","updated":"2020-05-07 15:14:49","contributor":"/gdc/account/profile/5ad80b895edcc438e5a4418e222733fa"}}}'
    http_version:
  recorded_at: Thu, 07 May 2020 13:38:23 GMT
- request:
    method: get
    uri: https://staging2-lcm-prod.intgdc.com/gdc/md/aa9kzlzod3nq7oj9zj6q2ixk021j1v3v/obj/358
    body:
      encoding: US-ASCII
      string: ''
    headers:
      Accept:
      - application/json, application/zip
      User-Agent:
      - gooddata-gem/2.1.10/x86_64-darwin16/2.3.8
      Content-Type:
      - application/json
      X-Gdc-Authtt:
      - "<X_GDC_AUTHTT>"
      X-Gdc-Request:
      - ":bRskxGTtAwaCcYwF7SRZHA:TzUSIR-Fy0Z89Xv1vG225A"
      Stats-On:
      - ''
      X-Gdc-Version:
      - '2'
      Accept-Encoding:
      - gzip;q=1.0,deflate;q=0.6,identity;q=0.3
      Host:
      - staging2-lcm-prod.intgdc.com
  response:
    status:
      code: 200
      message: OK
    headers:
      Date:
      - Thu, 07 May 2020 13:38:24 GMT
      Server:
      - GoodData WebApp
      Keep-Alive:
      - timeout=5, max=99
      X-Gdc-Log-Header:
      - ''
      Cache-Control:
      - no-cache, no-store, must-revalidate
      Content-Type:
      - application/json;charset=UTF-8
      X-Gdc-Request-Time:
      - '31'
      X-Gdc-Request:
      - ":bRskxGTtAwaCcYwF7SRZHA:TzUSIR-Fy0Z89Xv1vG225A:9YOG51Chj9zGxqCE"
      Vary:
      - origin,X-GDC-VERSION
      Transfer-Encoding:
      - chunked
      Strict-Transport-Security:
      - max-age=10886400; includeSubDomains; preload;
    body:
      encoding: ASCII-8BIT
      string: '{"reportDefinition":{"content":{"grid":{"sort":{"columns":[],"rows":[]},"columnWidths":[],"columns":[{"attribute":{"alias":"","totals":[[]],"uri":"/gdc/md/aa9kzlzod3nq7oj9zj6q2ixk021j1v3v/obj/299"}}],"metrics":[{"alias":"Customers
        Count","uri":"/gdc/md/aa9kzlzod3nq7oj9zj6q2ixk021j1v3v/obj/355"}],"rows":["metricGroup"]},"format":"grid","filters":[]},"links":{"explain2":"/gdc/md/aa9kzlzod3nq7oj9zj6q2ixk021j1v3v/obj/358/explain2"},"meta":{"author":"/gdc/account/profile/5ad80b895edcc438e5a4418e222733fa","uri":"/gdc/md/aa9kzlzod3nq7oj9zj6q2ixk021j1v3v/obj/358","tags":"","created":"2020-05-07
        15:21:57","identifier":"aahsIBLHgfkV","deprecated":"0","summary":"","isProduction":1,"title":"Untitled
        report definition","category":"reportDefinition","updated":"2020-05-07 15:13:49","contributor":"/gdc/account/profile/5ad80b895edcc438e5a4418e222733fa"}}}'
    http_version:
  recorded_at: Thu, 07 May 2020 13:38:24 GMT
- request:
    method: get
    uri: https://staging2-lcm-prod.intgdc.com/gdc/md/aa9kzlzod3nq7oj9zj6q2ixk021j1v3v/obj/356
    body:
      encoding: US-ASCII
      string: ''
    headers:
      Accept:
      - application/json, application/zip
      User-Agent:
      - gooddata-gem/2.1.10/x86_64-darwin16/2.3.8
      Content-Type:
      - application/json
      X-Gdc-Authtt:
      - "<X_GDC_AUTHTT>"
      X-Gdc-Request:
      - ":bRskxGTtAwaCcYwF7SRZHA:p_mo6U7v1j1fAoQC-WM3BA"
      Stats-On:
      - ''
      X-Gdc-Version:
      - '2'
      Accept-Encoding:
      - gzip;q=1.0,deflate;q=0.6,identity;q=0.3
      Host:
      - staging2-lcm-prod.intgdc.com
  response:
    status:
      code: 200
      message: OK
    headers:
      Date:
      - Thu, 07 May 2020 13:38:25 GMT
      Server:
      - GoodData WebApp
      Keep-Alive:
      - timeout=5, max=100
      X-Gdc-Log-Header:
      - ''
      Cache-Control:
      - no-cache, no-store, must-revalidate
      Content-Type:
      - application/json;charset=UTF-8
      X-Gdc-Request-Time:
      - '32'
      X-Gdc-Request:
      - ":bRskxGTtAwaCcYwF7SRZHA:p_mo6U7v1j1fAoQC-WM3BA:lN8icUBZcb4Of2ww"
      Vary:
      - origin,X-GDC-VERSION
      Transfer-Encoding:
      - chunked
      Strict-Transport-Security:
      - max-age=10886400; includeSubDomains; preload;
    body:
      encoding: ASCII-8BIT
      string: '{"reportDefinition":{"content":{"grid":{"sort":{"columns":[],"rows":[]},"columnWidths":[],"columns":[{"attribute":{"alias":"","totals":[[]],"uri":"/gdc/md/aa9kzlzod3nq7oj9zj6q2ixk021j1v3v/obj/291"}}],"metrics":[{"alias":"Customers
        Count","uri":"/gdc/md/aa9kzlzod3nq7oj9zj6q2ixk021j1v3v/obj/355"}],"rows":["metricGroup"]},"format":"grid","filters":[]},"links":{"explain2":"/gdc/md/aa9kzlzod3nq7oj9zj6q2ixk021j1v3v/obj/356/explain2"},"meta":{"author":"/gdc/account/profile/5ad80b895edcc438e5a4418e222733fa","uri":"/gdc/md/aa9kzlzod3nq7oj9zj6q2ixk021j1v3v/obj/356","tags":"","created":"2020-05-07
        15:21:57","identifier":"aacsLRoAhw2X","deprecated":"0","summary":"","isProduction":1,"title":"Untitled
        report definition","category":"reportDefinition","updated":"2020-05-07 15:13:59","contributor":"/gdc/account/profile/5ad80b895edcc438e5a4418e222733fa"}}}'
    http_version:
  recorded_at: Thu, 07 May 2020 13:38:25 GMT
- request:
    method: get
    uri: https://staging2-lcm-prod.intgdc.com/gdc/md/aa9kzlzod3nq7oj9zj6q2ixk021j1v3v/obj/360
    body:
      encoding: US-ASCII
      string: ''
    headers:
      Accept:
      - application/json, application/zip
      User-Agent:
      - gooddata-gem/2.1.10/x86_64-darwin16/2.3.8
      Content-Type:
      - application/json
      X-Gdc-Authtt:
      - "<X_GDC_AUTHTT>"
      X-Gdc-Request:
      - ":bRskxGTtAwaCcYwF7SRZHA:hnIC8IE7_tGgcPdRN8T3tg"
      Stats-On:
      - ''
      X-Gdc-Version:
      - '2'
      Accept-Encoding:
      - gzip;q=1.0,deflate;q=0.6,identity;q=0.3
      Host:
      - staging2-lcm-prod.intgdc.com
  response:
    status:
      code: 200
      message: OK
    headers:
      Date:
      - Thu, 07 May 2020 13:38:27 GMT
      Server:
      - GoodData WebApp
      Keep-Alive:
      - timeout=5, max=99
      X-Gdc-Log-Header:
      - ''
      Cache-Control:
      - no-cache, no-store, must-revalidate
      Content-Type:
      - application/json;charset=UTF-8
      X-Gdc-Request-Time:
      - '31'
      X-Gdc-Request:
      - ":bRskxGTtAwaCcYwF7SRZHA:hnIC8IE7_tGgcPdRN8T3tg:hQHBKZwamwWtGYut"
      Vary:
      - origin,X-GDC-VERSION
      Transfer-Encoding:
      - chunked
      Strict-Transport-Security:
      - max-age=10886400; includeSubDomains; preload;
    body:
      encoding: ASCII-8BIT
      string: '{"reportDefinition":{"content":{"grid":{"sort":{"columns":[],"rows":[]},"columnWidths":[],"columns":[],"metrics":[],"rows":[{"attribute":{"alias":"","totals":[],"uri":"/gdc/md/aa9kzlzod3nq7oj9zj6q2ixk021j1v3v/obj/314"}}]},"format":"grid","filters":[]},"links":{"explain2":"/gdc/md/aa9kzlzod3nq7oj9zj6q2ixk021j1v3v/obj/360/explain2"},"meta":{"author":"/gdc/account/profile/5ad80b895edcc438e5a4418e222733fa","uri":"/gdc/md/aa9kzlzod3nq7oj9zj6q2ixk021j1v3v/obj/360","tags":"","created":"2020-05-07
        15:21:57","identifier":"aahsLD80b2eu","deprecated":"0","summary":"","isProduction":1,"title":"Untitled
        report definition","category":"reportDefinition","updated":"2020-05-07 15:14:45","contributor":"/gdc/account/profile/5ad80b895edcc438e5a4418e222733fa"}}}'
    http_version:
  recorded_at: Thu, 07 May 2020 13:38:26 GMT
- request:
    method: get
    uri: https://staging2-lcm-prod.intgdc.com/gdc/md/aa9kzlzod3nq7oj9zj6q2ixk021j1v3v/obj/355
    body:
      encoding: US-ASCII
      string: ''
    headers:
      Accept:
      - application/json, application/zip
      User-Agent:
      - gooddata-gem/2.1.10/x86_64-darwin16/2.3.8
      Content-Type:
      - application/json
      X-Gdc-Authtt:
      - "<X_GDC_AUTHTT>"
      X-Gdc-Request:
      - ":bRskxGTtAwaCcYwF7SRZHA:sn4oJnXDnxL3bxMi6QQCyw"
      Stats-On:
      - ''
      X-Gdc-Version:
      - '2'
      Accept-Encoding:
      - gzip;q=1.0,deflate;q=0.6,identity;q=0.3
      Host:
      - staging2-lcm-prod.intgdc.com
  response:
    status:
      code: 200
      message: OK
    headers:
      Date:
      - Thu, 07 May 2020 13:38:28 GMT
      Server:
      - GoodData WebApp
      Keep-Alive:
      - timeout=5, max=100
      X-Gdc-Log-Header:
      - ''
      Cache-Control:
      - no-cache, no-store, must-revalidate
      Content-Type:
      - application/json;charset=UTF-8
      X-Gdc-Request-Time:
      - '35'
      X-Gdc-Request:
      - ":bRskxGTtAwaCcYwF7SRZHA:sn4oJnXDnxL3bxMi6QQCyw:dDHS5I7j8AHTUR3h"
      Vary:
      - origin,X-GDC-VERSION
      Transfer-Encoding:
      - chunked
      Strict-Transport-Security:
      - max-age=10886400; includeSubDomains; preload;
    body:
      encoding: ASCII-8BIT
      string: '{"metric":{"content":{"format":"#,##0","tree":{"content":[{"content":[{"value":"COUNT","content":[{"value":"/gdc/md/aa9kzlzod3nq7oj9zj6q2ixk021j1v3v/obj/287","position":{"column":27,"line":1},"type":"attribute
        object"}],"position":{"column":21,"line":1},"type":"function"}],"position":{"column":21,"line":1},"type":"expression"}],"position":{"column":14,"line":1},"type":"metric"},"expression":"SELECT
        COUNT([/gdc/md/aa9kzlzod3nq7oj9zj6q2ixk021j1v3v/obj/287])"},"links":{"explain2":"/gdc/md/aa9kzlzod3nq7oj9zj6q2ixk021j1v3v/obj/355/explain2"},"meta":{"author":"/gdc/account/profile/5ad80b895edcc438e5a4418e222733fa","uri":"/gdc/md/aa9kzlzod3nq7oj9zj6q2ixk021j1v3v/obj/355","tags":"","created":"2020-05-07
        15:21:57","identifier":"metric.customers.count","deprecated":"0","summary":"","isProduction":1,"title":"Customers
        Count","category":"metric","updated":"2020-05-07 15:13:19","contributor":"/gdc/account/profile/5ad80b895edcc438e5a4418e222733fa"}}}'
    http_version:
  recorded_at: Thu, 07 May 2020 13:38:27 GMT
- request:
    method: get
    uri: https://staging2-lcm-prod.intgdc.com/gdc/md/aa9kzlzod3nq7oj9zj6q2ixk021j1v3v/obj/355
    body:
      encoding: US-ASCII
      string: ''
    headers:
      Accept:
      - application/json, application/zip
      User-Agent:
      - gooddata-gem/2.1.10/x86_64-darwin16/2.3.8
      Content-Type:
      - application/json
      X-Gdc-Authtt:
      - "<X_GDC_AUTHTT>"
      X-Gdc-Request:
      - ":bRskxGTtAwaCcYwF7SRZHA:cZJjmxVVuYPyEgQAbilCVQ"
      Stats-On:
      - ''
      X-Gdc-Version:
      - '2'
      Accept-Encoding:
      - gzip;q=1.0,deflate;q=0.6,identity;q=0.3
      Host:
      - staging2-lcm-prod.intgdc.com
  response:
    status:
      code: 200
      message: OK
    headers:
      Date:
      - Thu, 07 May 2020 13:38:29 GMT
      Server:
      - GoodData WebApp
      Keep-Alive:
      - timeout=5, max=100
      X-Gdc-Log-Header:
      - ''
      Cache-Control:
      - no-cache, no-store, must-revalidate
      Content-Type:
      - application/json;charset=UTF-8
      X-Gdc-Request-Time:
      - '33'
      X-Gdc-Request:
      - ":bRskxGTtAwaCcYwF7SRZHA:cZJjmxVVuYPyEgQAbilCVQ:AzEwdJpbZFoyIr2A"
      Vary:
      - origin,X-GDC-VERSION
      Transfer-Encoding:
      - chunked
      Strict-Transport-Security:
      - max-age=10886400; includeSubDomains; preload;
    body:
      encoding: ASCII-8BIT
      string: '{"metric":{"content":{"format":"#,##0","tree":{"content":[{"content":[{"value":"COUNT","content":[{"value":"/gdc/md/aa9kzlzod3nq7oj9zj6q2ixk021j1v3v/obj/287","position":{"column":27,"line":1},"type":"attribute
        object"}],"position":{"column":21,"line":1},"type":"function"}],"position":{"column":21,"line":1},"type":"expression"}],"position":{"column":14,"line":1},"type":"metric"},"expression":"SELECT
        COUNT([/gdc/md/aa9kzlzod3nq7oj9zj6q2ixk021j1v3v/obj/287])"},"links":{"explain2":"/gdc/md/aa9kzlzod3nq7oj9zj6q2ixk021j1v3v/obj/355/explain2"},"meta":{"author":"/gdc/account/profile/5ad80b895edcc438e5a4418e222733fa","uri":"/gdc/md/aa9kzlzod3nq7oj9zj6q2ixk021j1v3v/obj/355","tags":"","created":"2020-05-07
        15:21:57","identifier":"metric.customers.count","deprecated":"0","summary":"","isProduction":1,"title":"Customers
        Count","category":"metric","updated":"2020-05-07 15:13:19","contributor":"/gdc/account/profile/5ad80b895edcc438e5a4418e222733fa"}}}'
    http_version:
  recorded_at: Thu, 07 May 2020 13:38:28 GMT
- request:
    method: get
    uri: https://staging2-lcm-prod.intgdc.com/gdc/md/aa9kzlzod3nq7oj9zj6q2ixk021j1v3v/objects/query?category=metric&limit=50&offset=0
    body:
      encoding: US-ASCII
      string: ''
    headers:
      Accept:
      - application/json, application/zip
      User-Agent:
      - gooddata-gem/2.1.10/x86_64-darwin16/2.3.8
      Content-Type:
      - application/json
      X-Gdc-Authtt:
      - "<X_GDC_AUTHTT>"
      X-Gdc-Request:
      - ":bRskxGTtAwaCcYwF7SRZHA:a-wgx6Sk3iFte4wC0ng7rg"
      Stats-On:
      - ''
      X-Gdc-Version:
      - '2'
      Accept-Encoding:
      - gzip;q=1.0,deflate;q=0.6,identity;q=0.3
      Host:
      - staging2-lcm-prod.intgdc.com
  response:
    status:
      code: 200
      message: OK
    headers:
      Date:
      - Thu, 07 May 2020 13:38:30 GMT
      Server:
      - GoodData WebApp
      Keep-Alive:
      - timeout=5, max=100
      X-Gdc-Log-Header:
      - ''
      Cache-Control:
      - no-cache, no-store, must-revalidate
      Content-Type:
      - application/json;charset=UTF-8
      Transfer-Encoding:
      - chunked
      X-Gdc-Request-Time:
      - '36'
      X-Gdc-Request:
      - ":bRskxGTtAwaCcYwF7SRZHA:a-wgx6Sk3iFte4wC0ng7rg:GFiwPjsgePpv7fhg"
      Vary:
      - Accept-Encoding,origin,X-GDC-VERSION
      Strict-Transport-Security:
      - max-age=10886400; includeSubDomains; preload;
    body:
      encoding: ASCII-8BIT
      string: '{"objects":{"paging":{"count":2,"offset":0},"items":[{"metric":{"content":{"format":"#,##0","tree":{"content":[{"content":[{"value":"MAX","content":[{"value":"/gdc/md/aa9kzlzod3nq7oj9zj6q2ixk021j1v3v/obj/319","position":{"column":25,"line":1},"type":"fact
        object"}],"position":{"column":21,"line":1},"type":"function"}],"position":{"column":21,"line":1},"type":"expression"}],"position":{"column":14,"line":1},"type":"metric"},"expression":"SELECT
        MAX([/gdc/md/aa9kzlzod3nq7oj9zj6q2ixk021j1v3v/obj/319])"},"links":{"explain2":"/gdc/md/aa9kzlzod3nq7oj9zj6q2ixk021j1v3v/obj/354/explain2"},"meta":{"author":"/gdc/account/profile/5ad80b895edcc438e5a4418e222733fa","uri":"/gdc/md/aa9kzlzod3nq7oj9zj6q2ixk021j1v3v/obj/354","tags":"metric","created":"2020-05-07
        15:21:56","identifier":"metric.max.claim.amount","deprecated":"0","summary":"","isProduction":1,"title":"Max
        Claim Amount","category":"metric","updated":"2020-05-07 15:12:53","contributor":"/gdc/account/profile/5ad80b895edcc438e5a4418e222733fa"}}},{"metric":{"content":{"format":"#,##0","tree":{"content":[{"content":[{"value":"COUNT","content":[{"value":"/gdc/md/aa9kzlzod3nq7oj9zj6q2ixk021j1v3v/obj/287","position":{"column":27,"line":1},"type":"attribute
        object"}],"position":{"column":21,"line":1},"type":"function"}],"position":{"column":21,"line":1},"type":"expression"}],"position":{"column":14,"line":1},"type":"metric"},"expression":"SELECT
        COUNT([/gdc/md/aa9kzlzod3nq7oj9zj6q2ixk021j1v3v/obj/287])"},"links":{"explain2":"/gdc/md/aa9kzlzod3nq7oj9zj6q2ixk021j1v3v/obj/355/explain2"},"meta":{"author":"/gdc/account/profile/5ad80b895edcc438e5a4418e222733fa","uri":"/gdc/md/aa9kzlzod3nq7oj9zj6q2ixk021j1v3v/obj/355","tags":"","created":"2020-05-07
        15:21:57","identifier":"metric.customers.count","deprecated":"0","summary":"","isProduction":1,"title":"Customers
        Count","category":"metric","updated":"2020-05-07 15:13:19","contributor":"/gdc/account/profile/5ad80b895edcc438e5a4418e222733fa"}}}]}}'
    http_version:
  recorded_at: Thu, 07 May 2020 13:38:29 GMT
- request:
    method: get
    uri: https://staging2-lcm-prod.intgdc.com/gdc/md/avdksllbhnyjvfeuyp2p3kg0xvp2zx64/objects/query?category=metric&limit=50&offset=0
    body:
      encoding: US-ASCII
      string: ''
    headers:
      Accept:
      - application/json, application/zip
      User-Agent:
      - gooddata-gem/2.1.10/x86_64-darwin16/2.3.8
      Content-Type:
      - application/json
      X-Gdc-Authtt:
      - "<X_GDC_AUTHTT>"
      X-Gdc-Request:
      - ":bRskxGTtAwaCcYwF7SRZHA:7-ErW2IYsLnAXvw7N2elcw"
      Stats-On:
      - ''
      X-Gdc-Version:
      - '2'
      Accept-Encoding:
      - gzip;q=1.0,deflate;q=0.6,identity;q=0.3
      Host:
      - staging2-lcm-prod.intgdc.com
  response:
    status:
      code: 200
      message: OK
    headers:
      Date:
      - Thu, 07 May 2020 13:38:31 GMT
      Server:
      - GoodData WebApp
      Keep-Alive:
      - timeout=5, max=100
      X-Gdc-Log-Header:
      - ''
      Cache-Control:
      - no-cache, no-store, must-revalidate
      Content-Type:
      - application/json;charset=UTF-8
      Transfer-Encoding:
      - chunked
      X-Gdc-Request-Time:
      - '58'
      X-Gdc-Request:
      - ":bRskxGTtAwaCcYwF7SRZHA:7-ErW2IYsLnAXvw7N2elcw:ngp34wuy6GBgoS2w"
      Vary:
      - Accept-Encoding,origin,X-GDC-VERSION
      Strict-Transport-Security:
      - max-age=10886400; includeSubDomains; preload;
    body:
      encoding: ASCII-8BIT
      string: '{"objects":{"paging":{"count":2,"offset":0},"items":[{"metric":{"content":{"format":"#,##0","tree":{"content":[{"content":[{"value":"MAX","content":[{"value":"/gdc/md/avdksllbhnyjvfeuyp2p3kg0xvp2zx64/obj/319","position":{"column":25,"line":1},"type":"fact
        object"}],"position":{"column":21,"line":1},"type":"function"}],"position":{"column":21,"line":1},"type":"expression"}],"position":{"column":14,"line":1},"type":"metric"},"expression":"SELECT
        MAX([/gdc/md/avdksllbhnyjvfeuyp2p3kg0xvp2zx64/obj/319])"},"links":{"explain2":"/gdc/md/avdksllbhnyjvfeuyp2p3kg0xvp2zx64/obj/354/explain2"},"meta":{"locked":1,"author":"/gdc/account/profile/5ad80b895edcc438e5a4418e222733fa","uri":"/gdc/md/avdksllbhnyjvfeuyp2p3kg0xvp2zx64/obj/354","tags":"_lcm_managed_object
        metric","created":"2020-05-07 15:21:56","identifier":"metric.max.claim.amount","deprecated":"0","summary":"","isProduction":1,"title":"Max
        Claim Amount","category":"metric","updated":"2020-05-07 15:35:11","contributor":"/gdc/account/profile/5ad80b895edcc438e5a4418e222733fa"}}},{"metric":{"content":{"format":"#,##0","tree":{"content":[{"content":[{"value":"COUNT","content":[{"value":"/gdc/md/avdksllbhnyjvfeuyp2p3kg0xvp2zx64/obj/287","position":{"column":27,"line":1},"type":"attribute
        object"}],"position":{"column":21,"line":1},"type":"function"}],"position":{"column":21,"line":1},"type":"expression"}],"position":{"column":14,"line":1},"type":"metric"},"expression":"SELECT
        COUNT([/gdc/md/avdksllbhnyjvfeuyp2p3kg0xvp2zx64/obj/287])"},"links":{"explain2":"/gdc/md/avdksllbhnyjvfeuyp2p3kg0xvp2zx64/obj/355/explain2"},"meta":{"locked":1,"author":"/gdc/account/profile/5ad80b895edcc438e5a4418e222733fa","uri":"/gdc/md/avdksllbhnyjvfeuyp2p3kg0xvp2zx64/obj/355","tags":"_lcm_managed_object","created":"2020-05-07
        15:21:57","identifier":"metric.customers.count","deprecated":"0","summary":"","isProduction":1,"title":"Customers
        Count","category":"metric","updated":"2020-05-07 15:35:11","contributor":"/gdc/account/profile/5ad80b895edcc438e5a4418e222733fa"}}}]}}'
    http_version:
  recorded_at: Thu, 07 May 2020 13:38:31 GMT
- request:
    method: get
    uri: https://staging2-lcm-prod.intgdc.com/gdc/md/ebq21r3kfv796qibuvauin0kx86t4jst/objects/query?category=metric&limit=50&offset=0
    body:
      encoding: US-ASCII
      string: ''
    headers:
      Accept:
      - application/json, application/zip
      User-Agent:
      - gooddata-gem/2.1.10/x86_64-darwin16/2.3.8
      Content-Type:
      - application/json
      X-Gdc-Authtt:
      - "<X_GDC_AUTHTT>"
      X-Gdc-Request:
      - ":bRskxGTtAwaCcYwF7SRZHA:VRYD_YEAAO7StvZreH3TtA"
      Stats-On:
      - ''
      X-Gdc-Version:
      - '2'
      Accept-Encoding:
      - gzip;q=1.0,deflate;q=0.6,identity;q=0.3
      Host:
      - staging2-lcm-prod.intgdc.com
  response:
    status:
      code: 200
      message: OK
    headers:
      Date:
      - Thu, 07 May 2020 13:38:32 GMT
      Server:
      - GoodData WebApp
      Keep-Alive:
      - timeout=5, max=99
      X-Gdc-Log-Header:
      - ''
      Cache-Control:
      - no-cache, no-store, must-revalidate
      Content-Type:
      - application/json;charset=UTF-8
      Transfer-Encoding:
      - chunked
      X-Gdc-Request-Time:
      - '43'
      X-Gdc-Request:
      - ":bRskxGTtAwaCcYwF7SRZHA:VRYD_YEAAO7StvZreH3TtA:GDYyDRG9EPzxWVK4"
      Vary:
      - Accept-Encoding,origin,X-GDC-VERSION
      Strict-Transport-Security:
      - max-age=10886400; includeSubDomains; preload;
    body:
      encoding: ASCII-8BIT
      string: '{"objects":{"paging":{"count":2,"offset":0},"items":[{"metric":{"content":{"format":"#,##0","tree":{"content":[{"content":[{"value":"MAX","content":[{"value":"/gdc/md/ebq21r3kfv796qibuvauin0kx86t4jst/obj/319","position":{"column":25,"line":1},"type":"fact
        object"}],"position":{"column":21,"line":1},"type":"function"}],"position":{"column":21,"line":1},"type":"expression"}],"position":{"column":14,"line":1},"type":"metric"},"expression":"SELECT
        MAX([/gdc/md/ebq21r3kfv796qibuvauin0kx86t4jst/obj/319])"},"links":{"explain2":"/gdc/md/ebq21r3kfv796qibuvauin0kx86t4jst/obj/354/explain2"},"meta":{"locked":1,"author":"/gdc/account/profile/5ad80b895edcc438e5a4418e222733fa","uri":"/gdc/md/ebq21r3kfv796qibuvauin0kx86t4jst/obj/354","tags":"_lcm_managed_object
        metric","created":"2020-05-07 15:21:56","identifier":"metric.max.claim.amount","deprecated":"0","summary":"","isProduction":1,"title":"Max
        Claim Amount","category":"metric","updated":"2020-05-07 15:35:11","contributor":"/gdc/account/profile/5ad80b895edcc438e5a4418e222733fa"}}},{"metric":{"content":{"format":"#,##0","tree":{"content":[{"content":[{"value":"COUNT","content":[{"value":"/gdc/md/ebq21r3kfv796qibuvauin0kx86t4jst/obj/287","position":{"column":27,"line":1},"type":"attribute
        object"}],"position":{"column":21,"line":1},"type":"function"}],"position":{"column":21,"line":1},"type":"expression"}],"position":{"column":14,"line":1},"type":"metric"},"expression":"SELECT
        COUNT([/gdc/md/ebq21r3kfv796qibuvauin0kx86t4jst/obj/287])"},"links":{"explain2":"/gdc/md/ebq21r3kfv796qibuvauin0kx86t4jst/obj/355/explain2"},"meta":{"locked":1,"author":"/gdc/account/profile/5ad80b895edcc438e5a4418e222733fa","uri":"/gdc/md/ebq21r3kfv796qibuvauin0kx86t4jst/obj/355","tags":"_lcm_managed_object","created":"2020-05-07
        15:21:57","identifier":"metric.customers.count","deprecated":"0","summary":"","isProduction":1,"title":"Customers
        Count","category":"metric","updated":"2020-05-07 15:35:12","contributor":"/gdc/account/profile/5ad80b895edcc438e5a4418e222733fa"}}}]}}'
    http_version:
  recorded_at: Thu, 07 May 2020 13:38:32 GMT
- request:
    method: get
    uri: https://staging2-lcm-prod.intgdc.com/gdc/md/q3z8wbzkhnppkkj7gk9ovboc7ctjxx8o/objects/query?category=metric&limit=50&offset=0
    body:
      encoding: US-ASCII
      string: ''
    headers:
      Accept:
      - application/json, application/zip
      User-Agent:
      - gooddata-gem/2.1.10/x86_64-darwin16/2.3.8
      Content-Type:
      - application/json
      X-Gdc-Authtt:
      - "<X_GDC_AUTHTT>"
      X-Gdc-Request:
      - ":bRskxGTtAwaCcYwF7SRZHA:-vLMR_jTle4AXqjXMv9kzw"
      Stats-On:
      - ''
      X-Gdc-Version:
      - '2'
      Accept-Encoding:
      - gzip;q=1.0,deflate;q=0.6,identity;q=0.3
      Host:
      - staging2-lcm-prod.intgdc.com
  response:
    status:
      code: 200
      message: OK
    headers:
      Date:
      - Thu, 07 May 2020 13:38:33 GMT
      Server:
      - GoodData WebApp
      Keep-Alive:
      - timeout=5, max=100
      X-Gdc-Log-Header:
      - ''
      Cache-Control:
      - no-cache, no-store, must-revalidate
      Content-Type:
      - application/json;charset=UTF-8
      Transfer-Encoding:
      - chunked
      X-Gdc-Request-Time:
      - '42'
      X-Gdc-Request:
      - ":bRskxGTtAwaCcYwF7SRZHA:-vLMR_jTle4AXqjXMv9kzw:pP14915VmElu8pRl"
      Vary:
      - Accept-Encoding,origin,X-GDC-VERSION
      Strict-Transport-Security:
      - max-age=10886400; includeSubDomains; preload;
    body:
      encoding: ASCII-8BIT
      string: '{"objects":{"paging":{"count":2,"offset":0},"items":[{"metric":{"content":{"format":"#,##0","tree":{"content":[{"content":[{"value":"MAX","content":[{"value":"/gdc/md/q3z8wbzkhnppkkj7gk9ovboc7ctjxx8o/obj/319","position":{"column":25,"line":1},"type":"fact
        object"}],"position":{"column":21,"line":1},"type":"function"}],"position":{"column":21,"line":1},"type":"expression"}],"position":{"column":14,"line":1},"type":"metric"},"expression":"SELECT
        MAX([/gdc/md/q3z8wbzkhnppkkj7gk9ovboc7ctjxx8o/obj/319])"},"links":{"explain2":"/gdc/md/q3z8wbzkhnppkkj7gk9ovboc7ctjxx8o/obj/354/explain2"},"meta":{"locked":1,"author":"/gdc/account/profile/5ad80b895edcc438e5a4418e222733fa","uri":"/gdc/md/q3z8wbzkhnppkkj7gk9ovboc7ctjxx8o/obj/354","tags":"_lcm_managed_object
        metric","created":"2020-05-07 15:21:56","identifier":"metric.max.claim.amount","deprecated":"0","summary":"","isProduction":1,"title":"Max
        Claim Amount","category":"metric","updated":"2020-05-07 15:35:11","contributor":"/gdc/account/profile/5ad80b895edcc438e5a4418e222733fa"}}},{"metric":{"content":{"format":"#,##0","tree":{"content":[{"content":[{"value":"COUNT","content":[{"value":"/gdc/md/q3z8wbzkhnppkkj7gk9ovboc7ctjxx8o/obj/287","position":{"column":27,"line":1},"type":"attribute
        object"}],"position":{"column":21,"line":1},"type":"function"}],"position":{"column":21,"line":1},"type":"expression"}],"position":{"column":14,"line":1},"type":"metric"},"expression":"SELECT
        COUNT([/gdc/md/q3z8wbzkhnppkkj7gk9ovboc7ctjxx8o/obj/287])"},"links":{"explain2":"/gdc/md/q3z8wbzkhnppkkj7gk9ovboc7ctjxx8o/obj/355/explain2"},"meta":{"locked":1,"author":"/gdc/account/profile/5ad80b895edcc438e5a4418e222733fa","uri":"/gdc/md/q3z8wbzkhnppkkj7gk9ovboc7ctjxx8o/obj/355","tags":"_lcm_managed_object","created":"2020-05-07
        15:21:57","identifier":"metric.customers.count","deprecated":"0","summary":"","isProduction":1,"title":"Customers
        Count","category":"metric","updated":"2020-05-07 15:35:12","contributor":"/gdc/account/profile/5ad80b895edcc438e5a4418e222733fa"}}}]}}'
    http_version:
  recorded_at: Thu, 07 May 2020 13:38:33 GMT
- request:
    method: get
    uri: https://staging2-lcm-prod.intgdc.com/gdc/md/jn5cngbukz6wb4qdr08fz6mmr8n9ejwc/objects/query?category=projectDashboard&limit=50&offset=0
    body:
      encoding: US-ASCII
      string: ''
    headers:
      Accept:
      - application/json, application/zip
      User-Agent:
      - gooddata-gem/2.1.15/x86_64-darwin19/2.3.8
      Content-Type:
      - application/json
      X-Gdc-Authtt:
      - "<X_GDC_AUTHTT>"
      X-Gdc-Request:
      - ":evIkI5mR2md6VWHPY_lTYw:SeVF1g16pH7PziS4H3mGpg"
      Stats-On:
      - ''
      X-Gdc-Version:
      - '2'
      Accept-Encoding:
      - gzip;q=1.0,deflate;q=0.6,identity;q=0.3
      Host:
      - staging2-lcm-prod.intgdc.com
  response:
    status:
      code: 200
      message: OK
    headers:
      Date:
      - Fri, 02 Apr 2021 06:35:20 GMT
      Server:
      - undefined
      Content-Type:
      - application/json;charset=UTF-8
      X-Envoy-Upstream-Service-Time:
      - '26'
      X-Gdc-Request-Time:
      - '28'
      X-Gdc-Request:
      - ":evIkI5mR2md6VWHPY_lTYw:SeVF1g16pH7PziS4H3mGpg:AvLgwArs5BtUW07J"
      Cache-Control:
      - no-cache, no-store, must-revalidate
      Vary:
      - origin,X-GDC-VERSION
      Transfer-Encoding:
      - chunked
      Strict-Transport-Security:
      - max-age=10886400; includeSubDomains; preload;
    body:
      encoding: ASCII-8BIT
      string: '{"objects":{"paging":{"count":2,"offset":0},"items":[{"projectDashboard":{"content":{"tabs":[{"identifier":"aajyUT1xfASD","title":"Tab
        1","items":[{"reportItem":{"obj":"/gdc/md/jn5cngbukz6wb4qdr08fz6mmr8n9ejwc/obj/356","sizeY":100,"sizeX":640,"visualization":{"grid":{"columnWidths":[]},"oneNumber":{"labels":{}}},"style":{"displayTitle":1,"background":{"opacity":0.0}},"positionY":0,"filters":[],"positionX":0}},{"reportItem":{"obj":"/gdc/md/jn5cngbukz6wb4qdr08fz6mmr8n9ejwc/obj/354","sizeY":100,"sizeX":640,"visualization":{"grid":{"columnWidths":[]},"oneNumber":{"labels":{}}},"style":{"displayTitle":1,"background":{"opacity":0.0}},"positionY":150,"filters":[],"positionX":0}},{"reportItem":{"obj":"/gdc/md/jn5cngbukz6wb4qdr08fz6mmr8n9ejwc/obj/358","sizeY":100,"sizeX":640,"visualization":{"grid":{"columnWidths":[]},"oneNumber":{"labels":{}}},"style":{"displayTitle":1,"background":{"opacity":0.0}},"positionY":0,"filters":[],"positionX":0}}]},{"identifier":"aakyUT1xfASD","title":"Tab
        2","items":[{"reportItem":{"obj":"/gdc/md/jn5cngbukz6wb4qdr08fz6mmr8n9ejwc/obj/356","sizeY":100,"sizeX":640,"visualization":{"grid":{"columnWidths":[]},"oneNumber":{"labels":{}}},"style":{"displayTitle":1,"background":{"opacity":0.0}},"positionY":0,"filters":[],"positionX":0}},{"reportItem":{"obj":"/gdc/md/jn5cngbukz6wb4qdr08fz6mmr8n9ejwc/obj/354","sizeY":100,"sizeX":640,"visualization":{"grid":{"columnWidths":[]},"oneNumber":{"labels":{}}},"style":{"displayTitle":1,"background":{"opacity":0.0}},"positionY":150,"filters":[],"positionX":0}},{"reportItem":{"obj":"/gdc/md/jn5cngbukz6wb4qdr08fz6mmr8n9ejwc/obj/358","sizeY":100,"sizeX":640,"visualization":{"grid":{"columnWidths":[]},"oneNumber":{"labels":{}}},"style":{"displayTitle":1,"background":{"opacity":0.0}},"positionY":0,"filters":[],"positionX":0}}]}],"filters":[]},"meta":{"author":"/gdc/account/profile/5ad80b895edcc438e5a4418e222733fa","uri":"/gdc/md/jn5cngbukz6wb4qdr08fz6mmr8n9ejwc/obj/359","tags":"dashboard","created":"2021-04-02
        07:44:26","identifier":"dashboard.dashboard.2","deprecated":"0","summary":"","isProduction":1,"title":"Dashboard
        2","category":"projectDashboard","updated":"2021-04-02 07:35:50","contributor":"/gdc/account/profile/5ad80b895edcc438e5a4418e222733fa"}}},{"projectDashboard":{"content":{"tabs":[{"identifier":"aajyUT1JbbYy","title":"Tab
        1","items":[{"reportItem":{"obj":"/gdc/md/jn5cngbukz6wb4qdr08fz6mmr8n9ejwc/obj/356","sizeY":100,"sizeX":640,"visualization":{"grid":{"columnWidths":[]},"oneNumber":{"labels":{}}},"style":{"displayTitle":1,"background":{"opacity":0.0}},"positionY":0,"filters":[],"positionX":0}},{"reportItem":{"obj":"/gdc/md/jn5cngbukz6wb4qdr08fz6mmr8n9ejwc/obj/354","sizeY":100,"sizeX":640,"visualization":{"grid":{"columnWidths":[]},"oneNumber":{"labels":{}}},"style":{"displayTitle":1,"background":{"opacity":0.0}},"positionY":150,"filters":[],"positionX":0}},{"reportItem":{"obj":"/gdc/md/jn5cngbukz6wb4qdr08fz6mmr8n9ejwc/obj/358","sizeY":100,"sizeX":640,"visualization":{"grid":{"columnWidths":[]},"oneNumber":{"labels":{}}},"style":{"displayTitle":1,"background":{"opacity":0.0}},"positionY":0,"filters":[],"positionX":0}}]},{"identifier":"aakyUT1JbbYy","title":"Tab
        2","items":[{"reportItem":{"obj":"/gdc/md/jn5cngbukz6wb4qdr08fz6mmr8n9ejwc/obj/356","sizeY":100,"sizeX":640,"visualization":{"grid":{"columnWidths":[]},"oneNumber":{"labels":{}}},"style":{"displayTitle":1,"background":{"opacity":0.0}},"positionY":0,"filters":[],"positionX":0}},{"reportItem":{"obj":"/gdc/md/jn5cngbukz6wb4qdr08fz6mmr8n9ejwc/obj/354","sizeY":100,"sizeX":640,"visualization":{"grid":{"columnWidths":[]},"oneNumber":{"labels":{}}},"style":{"displayTitle":1,"background":{"opacity":0.0}},"positionY":150,"filters":[],"positionX":0}},{"reportItem":{"obj":"/gdc/md/jn5cngbukz6wb4qdr08fz6mmr8n9ejwc/obj/358","sizeY":100,"sizeX":640,"visualization":{"grid":{"columnWidths":[]},"oneNumber":{"labels":{}}},"style":{"displayTitle":1,"background":{"opacity":0.0}},"positionY":0,"filters":[],"positionX":0}}]}],"filters":[]},"meta":{"author":"/gdc/account/profile/5ad80b895edcc438e5a4418e222733fa","uri":"/gdc/md/jn5cngbukz6wb4qdr08fz6mmr8n9ejwc/obj/360","tags":"dashboard","created":"2021-04-02
        07:44:26","identifier":"dashboard.dashboard.1","deprecated":"0","summary":"","isProduction":1,"title":"Dashboard
        1","category":"projectDashboard","updated":"2021-04-02 07:35:31","contributor":"/gdc/account/profile/5ad80b895edcc438e5a4418e222733fa"}}}]}}'
    http_version:
  recorded_at: Fri, 02 Apr 2021 06:35:20 GMT
- request:
    method: get
    uri: https://staging2-lcm-prod.intgdc.com/gdc/md/jn5cngbukz6wb4qdr08fz6mmr8n9ejwc/obj/356
    body:
      encoding: US-ASCII
      string: ''
    headers:
      Accept:
      - application/json, application/zip
      User-Agent:
      - gooddata-gem/2.1.15/x86_64-darwin19/2.3.8
      Content-Type:
      - application/json
      X-Gdc-Authtt:
      - "<X_GDC_AUTHTT>"
      X-Gdc-Request:
      - ":evIkI5mR2md6VWHPY_lTYw:P9AhzsEPAKMGttSjdyXkEw"
      Stats-On:
      - ''
      X-Gdc-Version:
      - '2'
      Accept-Encoding:
      - gzip;q=1.0,deflate;q=0.6,identity;q=0.3
      Host:
      - staging2-lcm-prod.intgdc.com
  response:
    status:
      code: 200
      message: OK
    headers:
      Date:
      - Fri, 02 Apr 2021 06:35:21 GMT
      Server:
      - undefined
      Content-Type:
      - application/json;charset=UTF-8
      X-Envoy-Upstream-Service-Time:
      - '49'
      X-Gdc-Request-Time:
      - '52'
      X-Gdc-Request:
      - ":evIkI5mR2md6VWHPY_lTYw:P9AhzsEPAKMGttSjdyXkEw:Dh7plXrPWET8CETW"
      Cache-Control:
      - no-cache, no-store, must-revalidate
      Vary:
      - origin,X-GDC-VERSION
      Transfer-Encoding:
      - chunked
      Strict-Transport-Security:
      - max-age=10886400; includeSubDomains; preload;
    body:
      encoding: ASCII-8BIT
      string: '{"report":{"content":{"domains":[],"definitions":["/gdc/md/jn5cngbukz6wb4qdr08fz6mmr8n9ejwc/obj/355"]},"meta":{"author":"/gdc/account/profile/5ad80b895edcc438e5a4418e222733fa","uri":"/gdc/md/jn5cngbukz6wb4qdr08fz6mmr8n9ejwc/obj/356","tags":"","created":"2021-04-02
        07:44:26","identifier":"report.customers.count.by.gender","deprecated":"0","summary":"","isProduction":1,"title":"Customers
        Count By Gender","category":"report","updated":"2021-04-02 07:33:48","contributor":"/gdc/account/profile/5ad80b895edcc438e5a4418e222733fa"}}}'
    http_version:
  recorded_at: Fri, 02 Apr 2021 06:35:21 GMT
- request:
    method: get
    uri: https://staging2-lcm-prod.intgdc.com/gdc/md/jn5cngbukz6wb4qdr08fz6mmr8n9ejwc/obj/354
    body:
      encoding: US-ASCII
      string: ''
    headers:
      Accept:
      - application/json, application/zip
      User-Agent:
      - gooddata-gem/2.1.15/x86_64-darwin19/2.3.8
      Content-Type:
      - application/json
      X-Gdc-Authtt:
      - "<X_GDC_AUTHTT>"
      X-Gdc-Request:
      - ":evIkI5mR2md6VWHPY_lTYw:25pt2qY0hq9Y0cJCq5Vfmw"
      Stats-On:
      - ''
      X-Gdc-Version:
      - '2'
      Accept-Encoding:
      - gzip;q=1.0,deflate;q=0.6,identity;q=0.3
      Host:
      - staging2-lcm-prod.intgdc.com
  response:
    status:
      code: 200
      message: OK
    headers:
      Date:
      - Fri, 02 Apr 2021 06:35:22 GMT
      Server:
      - undefined
      Content-Type:
      - application/json;charset=UTF-8
      X-Envoy-Upstream-Service-Time:
      - '17'
      X-Gdc-Request-Time:
      - '19'
      X-Gdc-Request:
      - ":evIkI5mR2md6VWHPY_lTYw:25pt2qY0hq9Y0cJCq5Vfmw:FDS3bF8tVlH955uo"
      Cache-Control:
      - no-cache, no-store, must-revalidate
      Vary:
      - origin,X-GDC-VERSION
      Transfer-Encoding:
      - chunked
      Strict-Transport-Security:
      - max-age=10886400; includeSubDomains; preload;
    body:
      encoding: ASCII-8BIT
      string: '{"report":{"content":{"domains":[],"definitions":["/gdc/md/jn5cngbukz6wb4qdr08fz6mmr8n9ejwc/obj/353"]},"meta":{"author":"/gdc/account/profile/5ad80b895edcc438e5a4418e222733fa","uri":"/gdc/md/jn5cngbukz6wb4qdr08fz6mmr8n9ejwc/obj/354","tags":"","created":"2021-04-02
        07:44:26","identifier":"report.customers.count.by.state","deprecated":"0","summary":"","isProduction":1,"title":"Customers
        Count By State","category":"report","updated":"2021-04-02 07:34:03","contributor":"/gdc/account/profile/5ad80b895edcc438e5a4418e222733fa"}}}'
    http_version:
  recorded_at: Fri, 02 Apr 2021 06:35:22 GMT
- request:
    method: get
    uri: https://staging2-lcm-prod.intgdc.com/gdc/md/jn5cngbukz6wb4qdr08fz6mmr8n9ejwc/obj/358
    body:
      encoding: US-ASCII
      string: ''
    headers:
      Accept:
      - application/json, application/zip
      User-Agent:
      - gooddata-gem/2.1.15/x86_64-darwin19/2.3.8
      Content-Type:
      - application/json
      X-Gdc-Authtt:
      - "<X_GDC_AUTHTT>"
      X-Gdc-Request:
      - ":evIkI5mR2md6VWHPY_lTYw:S5HYf0dqVxioRyfscAXrSg"
      Stats-On:
      - ''
      X-Gdc-Version:
      - '2'
      Accept-Encoding:
      - gzip;q=1.0,deflate;q=0.6,identity;q=0.3
      Host:
      - staging2-lcm-prod.intgdc.com
  response:
    status:
      code: 200
      message: OK
    headers:
      Date:
      - Fri, 02 Apr 2021 06:35:23 GMT
      Server:
      - undefined
      Content-Type:
      - application/json;charset=UTF-8
      X-Envoy-Upstream-Service-Time:
      - '20'
      X-Gdc-Request-Time:
      - '23'
      X-Gdc-Request:
      - ":evIkI5mR2md6VWHPY_lTYw:S5HYf0dqVxioRyfscAXrSg:uIKfB34uDU0G6Uwn"
      Cache-Control:
      - no-cache, no-store, must-revalidate
      Vary:
      - origin,X-GDC-VERSION
      Transfer-Encoding:
      - chunked
      Strict-Transport-Security:
      - max-age=10886400; includeSubDomains; preload;
    body:
      encoding: ASCII-8BIT
      string: '{"report":{"content":{"domains":[],"definitions":["/gdc/md/jn5cngbukz6wb4qdr08fz6mmr8n9ejwc/obj/357"]},"meta":{"author":"/gdc/account/profile/5ad80b895edcc438e5a4418e222733fa","uri":"/gdc/md/jn5cngbukz6wb4qdr08fz6mmr8n9ejwc/obj/358","tags":"","created":"2021-04-02
        07:44:26","identifier":"report.report.contains.ca","deprecated":"0","summary":"","isProduction":1,"title":"Report
        contains CA","category":"report","updated":"2021-04-02 07:35:08","contributor":"/gdc/account/profile/5ad80b895edcc438e5a4418e222733fa"}}}'
    http_version:
  recorded_at: Fri, 02 Apr 2021 06:35:23 GMT
- request:
    method: get
    uri: https://staging2-lcm-prod.intgdc.com/gdc/md/jn5cngbukz6wb4qdr08fz6mmr8n9ejwc/obj/356
    body:
      encoding: US-ASCII
      string: ''
    headers:
      Accept:
      - application/json, application/zip
      User-Agent:
      - gooddata-gem/2.1.15/x86_64-darwin19/2.3.8
      Content-Type:
      - application/json
      X-Gdc-Authtt:
      - "<X_GDC_AUTHTT>"
      X-Gdc-Request:
      - ":evIkI5mR2md6VWHPY_lTYw:C2tJNCRuSM2zsOepS_nV6g"
      Stats-On:
      - ''
      X-Gdc-Version:
      - '2'
      Accept-Encoding:
      - gzip;q=1.0,deflate;q=0.6,identity;q=0.3
      Host:
      - staging2-lcm-prod.intgdc.com
  response:
    status:
      code: 200
      message: OK
    headers:
      Date:
      - Fri, 02 Apr 2021 06:35:24 GMT
      Server:
      - undefined
      Content-Type:
      - application/json;charset=UTF-8
      X-Envoy-Upstream-Service-Time:
      - '18'
      X-Gdc-Request-Time:
      - '20'
      X-Gdc-Request:
      - ":evIkI5mR2md6VWHPY_lTYw:C2tJNCRuSM2zsOepS_nV6g:QwqYY552v0bH6w3k"
      Cache-Control:
      - no-cache, no-store, must-revalidate
      Vary:
      - origin,X-GDC-VERSION
      Transfer-Encoding:
      - chunked
      Strict-Transport-Security:
      - max-age=10886400; includeSubDomains; preload;
    body:
      encoding: ASCII-8BIT
      string: '{"report":{"content":{"domains":[],"definitions":["/gdc/md/jn5cngbukz6wb4qdr08fz6mmr8n9ejwc/obj/355"]},"meta":{"author":"/gdc/account/profile/5ad80b895edcc438e5a4418e222733fa","uri":"/gdc/md/jn5cngbukz6wb4qdr08fz6mmr8n9ejwc/obj/356","tags":"","created":"2021-04-02
        07:44:26","identifier":"report.customers.count.by.gender","deprecated":"0","summary":"","isProduction":1,"title":"Customers
        Count By Gender","category":"report","updated":"2021-04-02 07:33:48","contributor":"/gdc/account/profile/5ad80b895edcc438e5a4418e222733fa"}}}'
    http_version:
  recorded_at: Fri, 02 Apr 2021 06:35:24 GMT
- request:
    method: get
    uri: https://staging2-lcm-prod.intgdc.com/gdc/md/jn5cngbukz6wb4qdr08fz6mmr8n9ejwc/obj/354
    body:
      encoding: US-ASCII
      string: ''
    headers:
      Accept:
      - application/json, application/zip
      User-Agent:
      - gooddata-gem/2.1.15/x86_64-darwin19/2.3.8
      Content-Type:
      - application/json
      X-Gdc-Authtt:
      - "<X_GDC_AUTHTT>"
      X-Gdc-Request:
      - ":evIkI5mR2md6VWHPY_lTYw:amrDLHMDHhmUhIvz25IHJg"
      Stats-On:
      - ''
      X-Gdc-Version:
      - '2'
      Accept-Encoding:
      - gzip;q=1.0,deflate;q=0.6,identity;q=0.3
      Host:
      - staging2-lcm-prod.intgdc.com
  response:
    status:
      code: 200
      message: OK
    headers:
      Date:
      - Fri, 02 Apr 2021 06:35:25 GMT
      Server:
      - undefined
      Content-Type:
      - application/json;charset=UTF-8
      X-Envoy-Upstream-Service-Time:
      - '18'
      X-Gdc-Request-Time:
      - '20'
      X-Gdc-Request:
      - ":evIkI5mR2md6VWHPY_lTYw:amrDLHMDHhmUhIvz25IHJg:1K8K66IjIJKnDQYJ"
      Cache-Control:
      - no-cache, no-store, must-revalidate
      Vary:
      - origin,X-GDC-VERSION
      Transfer-Encoding:
      - chunked
      Strict-Transport-Security:
      - max-age=10886400; includeSubDomains; preload;
    body:
      encoding: ASCII-8BIT
      string: '{"report":{"content":{"domains":[],"definitions":["/gdc/md/jn5cngbukz6wb4qdr08fz6mmr8n9ejwc/obj/353"]},"meta":{"author":"/gdc/account/profile/5ad80b895edcc438e5a4418e222733fa","uri":"/gdc/md/jn5cngbukz6wb4qdr08fz6mmr8n9ejwc/obj/354","tags":"","created":"2021-04-02
        07:44:26","identifier":"report.customers.count.by.state","deprecated":"0","summary":"","isProduction":1,"title":"Customers
        Count By State","category":"report","updated":"2021-04-02 07:34:03","contributor":"/gdc/account/profile/5ad80b895edcc438e5a4418e222733fa"}}}'
    http_version:
  recorded_at: Fri, 02 Apr 2021 06:35:25 GMT
- request:
    method: get
    uri: https://staging2-lcm-prod.intgdc.com/gdc/md/jn5cngbukz6wb4qdr08fz6mmr8n9ejwc/obj/358
    body:
      encoding: US-ASCII
      string: ''
    headers:
      Accept:
      - application/json, application/zip
      User-Agent:
      - gooddata-gem/2.1.15/x86_64-darwin19/2.3.8
      Content-Type:
      - application/json
      X-Gdc-Authtt:
      - "<X_GDC_AUTHTT>"
      X-Gdc-Request:
      - ":evIkI5mR2md6VWHPY_lTYw:3EqMiY1QYGHuKvJJsZDFIw"
      Stats-On:
      - ''
      X-Gdc-Version:
      - '2'
      Accept-Encoding:
      - gzip;q=1.0,deflate;q=0.6,identity;q=0.3
      Host:
      - staging2-lcm-prod.intgdc.com
  response:
    status:
      code: 200
      message: OK
    headers:
      Date:
      - Fri, 02 Apr 2021 06:35:26 GMT
      Server:
      - undefined
      Content-Type:
      - application/json;charset=UTF-8
      X-Envoy-Upstream-Service-Time:
      - '19'
      X-Gdc-Request-Time:
      - '22'
      X-Gdc-Request:
      - ":evIkI5mR2md6VWHPY_lTYw:3EqMiY1QYGHuKvJJsZDFIw:BCYAlin5A5Okzoco"
      Cache-Control:
      - no-cache, no-store, must-revalidate
      Vary:
      - origin,X-GDC-VERSION
      Transfer-Encoding:
      - chunked
      Strict-Transport-Security:
      - max-age=10886400; includeSubDomains; preload;
    body:
      encoding: ASCII-8BIT
      string: '{"report":{"content":{"domains":[],"definitions":["/gdc/md/jn5cngbukz6wb4qdr08fz6mmr8n9ejwc/obj/357"]},"meta":{"author":"/gdc/account/profile/5ad80b895edcc438e5a4418e222733fa","uri":"/gdc/md/jn5cngbukz6wb4qdr08fz6mmr8n9ejwc/obj/358","tags":"","created":"2021-04-02
        07:44:26","identifier":"report.report.contains.ca","deprecated":"0","summary":"","isProduction":1,"title":"Report
        contains CA","category":"report","updated":"2021-04-02 07:35:08","contributor":"/gdc/account/profile/5ad80b895edcc438e5a4418e222733fa"}}}'
    http_version:
  recorded_at: Fri, 02 Apr 2021 06:35:26 GMT
- request:
    method: get
    uri: https://staging2-lcm-prod.intgdc.com/gdc/md/jn5cngbukz6wb4qdr08fz6mmr8n9ejwc/obj/356
    body:
      encoding: US-ASCII
      string: ''
    headers:
      Accept:
      - application/json, application/zip
      User-Agent:
      - gooddata-gem/2.1.15/x86_64-darwin19/2.3.8
      Content-Type:
      - application/json
      X-Gdc-Authtt:
      - "<X_GDC_AUTHTT>"
      X-Gdc-Request:
      - ":evIkI5mR2md6VWHPY_lTYw:wcYVFA-2j-JPy8bAnhGBnQ"
      Stats-On:
      - ''
      X-Gdc-Version:
      - '2'
      Accept-Encoding:
      - gzip;q=1.0,deflate;q=0.6,identity;q=0.3
      Host:
      - staging2-lcm-prod.intgdc.com
  response:
    status:
      code: 200
      message: OK
    headers:
      Date:
      - Fri, 02 Apr 2021 06:35:27 GMT
      Server:
      - undefined
      Content-Type:
      - application/json;charset=UTF-8
      X-Envoy-Upstream-Service-Time:
      - '17'
      X-Gdc-Request-Time:
      - '20'
      X-Gdc-Request:
      - ":evIkI5mR2md6VWHPY_lTYw:wcYVFA-2j-JPy8bAnhGBnQ:JVblNVzAZFz2ZSfi"
      Cache-Control:
      - no-cache, no-store, must-revalidate
      Vary:
      - origin,X-GDC-VERSION
      Transfer-Encoding:
      - chunked
      Strict-Transport-Security:
      - max-age=10886400; includeSubDomains; preload;
    body:
      encoding: ASCII-8BIT
      string: '{"report":{"content":{"domains":[],"definitions":["/gdc/md/jn5cngbukz6wb4qdr08fz6mmr8n9ejwc/obj/355"]},"meta":{"author":"/gdc/account/profile/5ad80b895edcc438e5a4418e222733fa","uri":"/gdc/md/jn5cngbukz6wb4qdr08fz6mmr8n9ejwc/obj/356","tags":"","created":"2021-04-02
        07:44:26","identifier":"report.customers.count.by.gender","deprecated":"0","summary":"","isProduction":1,"title":"Customers
        Count By Gender","category":"report","updated":"2021-04-02 07:33:48","contributor":"/gdc/account/profile/5ad80b895edcc438e5a4418e222733fa"}}}'
    http_version:
  recorded_at: Fri, 02 Apr 2021 06:35:27 GMT
- request:
    method: get
    uri: https://staging2-lcm-prod.intgdc.com/gdc/md/jn5cngbukz6wb4qdr08fz6mmr8n9ejwc/obj/354
    body:
      encoding: US-ASCII
      string: ''
    headers:
      Accept:
      - application/json, application/zip
      User-Agent:
      - gooddata-gem/2.1.15/x86_64-darwin19/2.3.8
      Content-Type:
      - application/json
      X-Gdc-Authtt:
      - "<X_GDC_AUTHTT>"
      X-Gdc-Request:
      - ":evIkI5mR2md6VWHPY_lTYw:JpJ_EAyGDreL-ic1JTCOSw"
      Stats-On:
      - ''
      X-Gdc-Version:
      - '2'
      Accept-Encoding:
      - gzip;q=1.0,deflate;q=0.6,identity;q=0.3
      Host:
      - staging2-lcm-prod.intgdc.com
  response:
    status:
      code: 200
      message: OK
    headers:
      Date:
      - Fri, 02 Apr 2021 06:35:27 GMT
      Server:
      - undefined
      Content-Type:
      - application/json;charset=UTF-8
      X-Envoy-Upstream-Service-Time:
      - '19'
      X-Gdc-Request-Time:
      - '22'
      X-Gdc-Request:
      - ":evIkI5mR2md6VWHPY_lTYw:JpJ_EAyGDreL-ic1JTCOSw:qpwwa3rU4IZkQUri"
      Cache-Control:
      - no-cache, no-store, must-revalidate
      Vary:
      - origin,X-GDC-VERSION
      Transfer-Encoding:
      - chunked
      Strict-Transport-Security:
      - max-age=10886400; includeSubDomains; preload;
    body:
      encoding: ASCII-8BIT
      string: '{"report":{"content":{"domains":[],"definitions":["/gdc/md/jn5cngbukz6wb4qdr08fz6mmr8n9ejwc/obj/353"]},"meta":{"author":"/gdc/account/profile/5ad80b895edcc438e5a4418e222733fa","uri":"/gdc/md/jn5cngbukz6wb4qdr08fz6mmr8n9ejwc/obj/354","tags":"","created":"2021-04-02
        07:44:26","identifier":"report.customers.count.by.state","deprecated":"0","summary":"","isProduction":1,"title":"Customers
        Count By State","category":"report","updated":"2021-04-02 07:34:03","contributor":"/gdc/account/profile/5ad80b895edcc438e5a4418e222733fa"}}}'
    http_version:
  recorded_at: Fri, 02 Apr 2021 06:35:28 GMT
- request:
    method: get
    uri: https://staging2-lcm-prod.intgdc.com/gdc/md/jn5cngbukz6wb4qdr08fz6mmr8n9ejwc/obj/358
    body:
      encoding: US-ASCII
      string: ''
    headers:
      Accept:
      - application/json, application/zip
      User-Agent:
      - gooddata-gem/2.1.15/x86_64-darwin19/2.3.8
      Content-Type:
      - application/json
      X-Gdc-Authtt:
      - "<X_GDC_AUTHTT>"
      X-Gdc-Request:
      - ":evIkI5mR2md6VWHPY_lTYw:G9Ve3e134GdPNzRuw-Iqcw"
      Stats-On:
      - ''
      X-Gdc-Version:
      - '2'
      Accept-Encoding:
      - gzip;q=1.0,deflate;q=0.6,identity;q=0.3
      Host:
      - staging2-lcm-prod.intgdc.com
  response:
    status:
      code: 200
      message: OK
    headers:
      Date:
      - Fri, 02 Apr 2021 06:35:29 GMT
      Server:
      - undefined
      Content-Type:
      - application/json;charset=UTF-8
      X-Envoy-Upstream-Service-Time:
      - '19'
      X-Gdc-Request-Time:
      - '21'
      X-Gdc-Request:
      - ":evIkI5mR2md6VWHPY_lTYw:G9Ve3e134GdPNzRuw-Iqcw:nrP9DTyYJHy51gb0"
      Cache-Control:
      - no-cache, no-store, must-revalidate
      Vary:
      - origin,X-GDC-VERSION
      Transfer-Encoding:
      - chunked
      Strict-Transport-Security:
      - max-age=10886400; includeSubDomains; preload;
    body:
      encoding: ASCII-8BIT
      string: '{"report":{"content":{"domains":[],"definitions":["/gdc/md/jn5cngbukz6wb4qdr08fz6mmr8n9ejwc/obj/357"]},"meta":{"author":"/gdc/account/profile/5ad80b895edcc438e5a4418e222733fa","uri":"/gdc/md/jn5cngbukz6wb4qdr08fz6mmr8n9ejwc/obj/358","tags":"","created":"2021-04-02
        07:44:26","identifier":"report.report.contains.ca","deprecated":"0","summary":"","isProduction":1,"title":"Report
        contains CA","category":"report","updated":"2021-04-02 07:35:08","contributor":"/gdc/account/profile/5ad80b895edcc438e5a4418e222733fa"}}}'
    http_version:
  recorded_at: Fri, 02 Apr 2021 06:35:29 GMT
- request:
    method: get
    uri: https://staging2-lcm-prod.intgdc.com/gdc/md/jn5cngbukz6wb4qdr08fz6mmr8n9ejwc/obj/356
    body:
      encoding: US-ASCII
      string: ''
    headers:
      Accept:
      - application/json, application/zip
      User-Agent:
      - gooddata-gem/2.1.15/x86_64-darwin19/2.3.8
      Content-Type:
      - application/json
      X-Gdc-Authtt:
      - "<X_GDC_AUTHTT>"
      X-Gdc-Request:
      - ":evIkI5mR2md6VWHPY_lTYw:ftnKb_B9hAwThLTima6z4g"
      Stats-On:
      - ''
      X-Gdc-Version:
      - '2'
      Accept-Encoding:
      - gzip;q=1.0,deflate;q=0.6,identity;q=0.3
      Host:
      - staging2-lcm-prod.intgdc.com
  response:
    status:
      code: 200
      message: OK
    headers:
      Date:
      - Fri, 02 Apr 2021 06:35:30 GMT
      Server:
      - undefined
      Content-Type:
      - application/json;charset=UTF-8
      X-Envoy-Upstream-Service-Time:
      - '17'
      X-Gdc-Request-Time:
      - '40'
      X-Gdc-Request:
      - ":evIkI5mR2md6VWHPY_lTYw:ftnKb_B9hAwThLTima6z4g:2jtptdKPtwDgQ6Ip"
      Cache-Control:
      - no-cache, no-store, must-revalidate
      Vary:
      - origin,X-GDC-VERSION
      Transfer-Encoding:
      - chunked
      Strict-Transport-Security:
      - max-age=10886400; includeSubDomains; preload;
    body:
      encoding: ASCII-8BIT
      string: '{"report":{"content":{"domains":[],"definitions":["/gdc/md/jn5cngbukz6wb4qdr08fz6mmr8n9ejwc/obj/355"]},"meta":{"author":"/gdc/account/profile/5ad80b895edcc438e5a4418e222733fa","uri":"/gdc/md/jn5cngbukz6wb4qdr08fz6mmr8n9ejwc/obj/356","tags":"","created":"2021-04-02
        07:44:26","identifier":"report.customers.count.by.gender","deprecated":"0","summary":"","isProduction":1,"title":"Customers
        Count By Gender","category":"report","updated":"2021-04-02 07:33:48","contributor":"/gdc/account/profile/5ad80b895edcc438e5a4418e222733fa"}}}'
    http_version:
  recorded_at: Fri, 02 Apr 2021 06:35:30 GMT
- request:
    method: get
    uri: https://staging2-lcm-prod.intgdc.com/gdc/md/jn5cngbukz6wb4qdr08fz6mmr8n9ejwc/obj/354
    body:
      encoding: US-ASCII
      string: ''
    headers:
      Accept:
      - application/json, application/zip
      User-Agent:
      - gooddata-gem/2.1.15/x86_64-darwin19/2.3.8
      Content-Type:
      - application/json
      X-Gdc-Authtt:
      - "<X_GDC_AUTHTT>"
      X-Gdc-Request:
      - ":evIkI5mR2md6VWHPY_lTYw:1QFcKdwkOXiCCwHcQaSVxA"
      Stats-On:
      - ''
      X-Gdc-Version:
      - '2'
      Accept-Encoding:
      - gzip;q=1.0,deflate;q=0.6,identity;q=0.3
      Host:
      - staging2-lcm-prod.intgdc.com
  response:
    status:
      code: 200
      message: OK
    headers:
      Date:
      - Fri, 02 Apr 2021 06:35:31 GMT
      Server:
      - undefined
      Content-Type:
      - application/json;charset=UTF-8
      X-Envoy-Upstream-Service-Time:
      - '19'
      X-Gdc-Request-Time:
      - '21'
      X-Gdc-Request:
      - ":evIkI5mR2md6VWHPY_lTYw:1QFcKdwkOXiCCwHcQaSVxA:Quzp4PfSJcvp71nH"
      Cache-Control:
      - no-cache, no-store, must-revalidate
      Vary:
      - origin,X-GDC-VERSION
      Transfer-Encoding:
      - chunked
      Strict-Transport-Security:
      - max-age=10886400; includeSubDomains; preload;
    body:
      encoding: ASCII-8BIT
      string: '{"report":{"content":{"domains":[],"definitions":["/gdc/md/jn5cngbukz6wb4qdr08fz6mmr8n9ejwc/obj/353"]},"meta":{"author":"/gdc/account/profile/5ad80b895edcc438e5a4418e222733fa","uri":"/gdc/md/jn5cngbukz6wb4qdr08fz6mmr8n9ejwc/obj/354","tags":"","created":"2021-04-02
        07:44:26","identifier":"report.customers.count.by.state","deprecated":"0","summary":"","isProduction":1,"title":"Customers
        Count By State","category":"report","updated":"2021-04-02 07:34:03","contributor":"/gdc/account/profile/5ad80b895edcc438e5a4418e222733fa"}}}'
    http_version:
  recorded_at: Fri, 02 Apr 2021 06:35:31 GMT
- request:
    method: get
    uri: https://staging2-lcm-prod.intgdc.com/gdc/md/jn5cngbukz6wb4qdr08fz6mmr8n9ejwc/obj/358
    body:
      encoding: US-ASCII
      string: ''
    headers:
      Accept:
      - application/json, application/zip
      User-Agent:
      - gooddata-gem/2.1.15/x86_64-darwin19/2.3.8
      Content-Type:
      - application/json
      X-Gdc-Authtt:
      - "<X_GDC_AUTHTT>"
      X-Gdc-Request:
      - ":evIkI5mR2md6VWHPY_lTYw:Qsaw0ui5pIDvaYWUw4-4yA"
      Stats-On:
      - ''
      X-Gdc-Version:
      - '2'
      Accept-Encoding:
      - gzip;q=1.0,deflate;q=0.6,identity;q=0.3
      Host:
      - staging2-lcm-prod.intgdc.com
  response:
    status:
      code: 200
      message: OK
    headers:
      Date:
      - Fri, 02 Apr 2021 06:35:32 GMT
      Server:
      - undefined
      Content-Type:
      - application/json;charset=UTF-8
      X-Envoy-Upstream-Service-Time:
      - '18'
      X-Gdc-Request-Time:
      - '20'
      X-Gdc-Request:
      - ":evIkI5mR2md6VWHPY_lTYw:Qsaw0ui5pIDvaYWUw4-4yA:TwIW1IjcWL3FnTKz"
      Cache-Control:
      - no-cache, no-store, must-revalidate
      Vary:
      - origin,X-GDC-VERSION
      Transfer-Encoding:
      - chunked
      Strict-Transport-Security:
      - max-age=10886400; includeSubDomains; preload;
    body:
      encoding: ASCII-8BIT
      string: '{"report":{"content":{"domains":[],"definitions":["/gdc/md/jn5cngbukz6wb4qdr08fz6mmr8n9ejwc/obj/357"]},"meta":{"author":"/gdc/account/profile/5ad80b895edcc438e5a4418e222733fa","uri":"/gdc/md/jn5cngbukz6wb4qdr08fz6mmr8n9ejwc/obj/358","tags":"","created":"2021-04-02
        07:44:26","identifier":"report.report.contains.ca","deprecated":"0","summary":"","isProduction":1,"title":"Report
        contains CA","category":"report","updated":"2021-04-02 07:35:08","contributor":"/gdc/account/profile/5ad80b895edcc438e5a4418e222733fa"}}}'
    http_version:
  recorded_at: Fri, 02 Apr 2021 06:35:32 GMT
- request:
    method: get
    uri: https://staging2-lcm-prod.intgdc.com/gdc/md/jn5cngbukz6wb4qdr08fz6mmr8n9ejwc/obj/355
    body:
      encoding: US-ASCII
      string: ''
    headers:
      Accept:
      - application/json, application/zip
      User-Agent:
      - gooddata-gem/2.1.15/x86_64-darwin19/2.3.8
      Content-Type:
      - application/json
      X-Gdc-Authtt:
      - "<X_GDC_AUTHTT>"
      X-Gdc-Request:
      - ":evIkI5mR2md6VWHPY_lTYw:P7lZv5IktaDT_i4BAoZMrQ"
      Stats-On:
      - ''
      X-Gdc-Version:
      - '2'
      Accept-Encoding:
      - gzip;q=1.0,deflate;q=0.6,identity;q=0.3
      Host:
      - staging2-lcm-prod.intgdc.com
  response:
    status:
      code: 200
      message: OK
    headers:
      Date:
      - Fri, 02 Apr 2021 06:35:32 GMT
      Server:
      - undefined
      Content-Type:
      - application/json;charset=UTF-8
      X-Envoy-Upstream-Service-Time:
      - '23'
      X-Gdc-Request-Time:
      - '25'
      X-Gdc-Request:
      - ":evIkI5mR2md6VWHPY_lTYw:P7lZv5IktaDT_i4BAoZMrQ:hFGcbThAz3hWV6AO"
      Cache-Control:
      - no-cache, no-store, must-revalidate
      Vary:
      - origin,X-GDC-VERSION
      Transfer-Encoding:
      - chunked
      Strict-Transport-Security:
      - max-age=10886400; includeSubDomains; preload;
    body:
      encoding: ASCII-8BIT
      string: '{"reportDefinition":{"content":{"grid":{"sort":{"columns":[],"rows":[]},"columnWidths":[],"columns":[{"attribute":{"alias":"","totals":[[]],"uri":"/gdc/md/jn5cngbukz6wb4qdr08fz6mmr8n9ejwc/obj/301"}}],"metrics":[{"alias":"Customers
        Count","uri":"/gdc/md/jn5cngbukz6wb4qdr08fz6mmr8n9ejwc/obj/352"}],"rows":["metricGroup"]},"format":"grid","filters":[]},"links":{"explain2":"/gdc/md/jn5cngbukz6wb4qdr08fz6mmr8n9ejwc/obj/355/explain2"},"meta":{"author":"/gdc/account/profile/5ad80b895edcc438e5a4418e222733fa","uri":"/gdc/md/jn5cngbukz6wb4qdr08fz6mmr8n9ejwc/obj/355","tags":"","created":"2021-04-02
        07:44:26","identifier":"aady0c4LccpR","deprecated":"0","summary":"","isProduction":1,"title":"Untitled
        report definition","category":"reportDefinition","updated":"2021-04-02 07:33:43","contributor":"/gdc/account/profile/5ad80b895edcc438e5a4418e222733fa"}}}'
    http_version:
  recorded_at: Fri, 02 Apr 2021 06:35:33 GMT
- request:
    method: get
    uri: https://staging2-lcm-prod.intgdc.com/gdc/md/jn5cngbukz6wb4qdr08fz6mmr8n9ejwc/obj/353
    body:
      encoding: US-ASCII
      string: ''
    headers:
      Accept:
      - application/json, application/zip
      User-Agent:
      - gooddata-gem/2.1.15/x86_64-darwin19/2.3.8
      Content-Type:
      - application/json
      X-Gdc-Authtt:
      - "<X_GDC_AUTHTT>"
      X-Gdc-Request:
      - ":evIkI5mR2md6VWHPY_lTYw:FArITthjiDt84kgxdBAgUw"
      Stats-On:
      - ''
      X-Gdc-Version:
      - '2'
      Accept-Encoding:
      - gzip;q=1.0,deflate;q=0.6,identity;q=0.3
      Host:
      - staging2-lcm-prod.intgdc.com
  response:
    status:
      code: 200
      message: OK
    headers:
      Date:
      - Fri, 02 Apr 2021 06:35:33 GMT
      Server:
      - undefined
      Content-Type:
      - application/json;charset=UTF-8
      X-Envoy-Upstream-Service-Time:
      - '18'
      X-Gdc-Request-Time:
      - '21'
      X-Gdc-Request:
      - ":evIkI5mR2md6VWHPY_lTYw:FArITthjiDt84kgxdBAgUw:HgfW3CB88BLRWot3"
      Cache-Control:
      - no-cache, no-store, must-revalidate
      Vary:
      - origin,X-GDC-VERSION
      Transfer-Encoding:
      - chunked
      Strict-Transport-Security:
      - max-age=10886400; includeSubDomains; preload;
    body:
      encoding: ASCII-8BIT
      string: '{"reportDefinition":{"content":{"grid":{"sort":{"columns":[],"rows":[]},"columnWidths":[],"columns":[{"attribute":{"alias":"","totals":[[]],"uri":"/gdc/md/jn5cngbukz6wb4qdr08fz6mmr8n9ejwc/obj/293"}}],"metrics":[{"alias":"Customers
        Count","uri":"/gdc/md/jn5cngbukz6wb4qdr08fz6mmr8n9ejwc/obj/352"}],"rows":["metricGroup"]},"format":"grid","filters":[]},"links":{"explain2":"/gdc/md/jn5cngbukz6wb4qdr08fz6mmr8n9ejwc/obj/353/explain2"},"meta":{"author":"/gdc/account/profile/5ad80b895edcc438e5a4418e222733fa","uri":"/gdc/md/jn5cngbukz6wb4qdr08fz6mmr8n9ejwc/obj/353","tags":"","created":"2021-04-02
        07:44:26","identifier":"aacy0jpdcwvl","deprecated":"0","summary":"","isProduction":1,"title":"Untitled
        report definition","category":"reportDefinition","updated":"2021-04-02 07:33:56","contributor":"/gdc/account/profile/5ad80b895edcc438e5a4418e222733fa"}}}'
    http_version:
  recorded_at: Fri, 02 Apr 2021 06:35:34 GMT
- request:
    method: get
    uri: https://staging2-lcm-prod.intgdc.com/gdc/md/jn5cngbukz6wb4qdr08fz6mmr8n9ejwc/obj/357
    body:
      encoding: US-ASCII
      string: ''
    headers:
      Accept:
      - application/json, application/zip
      User-Agent:
      - gooddata-gem/2.1.15/x86_64-darwin19/2.3.8
      Content-Type:
      - application/json
      X-Gdc-Authtt:
      - "<X_GDC_AUTHTT>"
      X-Gdc-Request:
      - ":evIkI5mR2md6VWHPY_lTYw:s7BeohvO5YrGGsPd8UWXGQ"
      Stats-On:
      - ''
      X-Gdc-Version:
      - '2'
      Accept-Encoding:
      - gzip;q=1.0,deflate;q=0.6,identity;q=0.3
      Host:
      - staging2-lcm-prod.intgdc.com
  response:
    status:
      code: 200
      message: OK
    headers:
      Date:
      - Fri, 02 Apr 2021 06:35:34 GMT
      Server:
      - undefined
      Content-Type:
      - application/json;charset=UTF-8
      X-Envoy-Upstream-Service-Time:
      - '20'
      X-Gdc-Request-Time:
      - '24'
      X-Gdc-Request:
      - ":evIkI5mR2md6VWHPY_lTYw:s7BeohvO5YrGGsPd8UWXGQ:39JJpVsu0MUZq5iE"
      Cache-Control:
      - no-cache, no-store, must-revalidate
      Vary:
      - origin,X-GDC-VERSION
      Transfer-Encoding:
      - chunked
      Strict-Transport-Security:
      - max-age=10886400; includeSubDomains; preload;
    body:
      encoding: ASCII-8BIT
      string: '{"reportDefinition":{"content":{"grid":{"sort":{"columns":[],"rows":[]},"columnWidths":[],"columns":[],"metrics":[],"rows":[{"attribute":{"alias":"","totals":[],"uri":"/gdc/md/jn5cngbukz6wb4qdr08fz6mmr8n9ejwc/obj/287"}}]},"format":"grid","filters":[]},"links":{"explain2":"/gdc/md/jn5cngbukz6wb4qdr08fz6mmr8n9ejwc/obj/357/explain2"},"meta":{"author":"/gdc/account/profile/5ad80b895edcc438e5a4418e222733fa","uri":"/gdc/md/jn5cngbukz6wb4qdr08fz6mmr8n9ejwc/obj/357","tags":"","created":"2021-04-02
        07:44:26","identifier":"aawyTxt4e6sL","deprecated":"0","summary":"","isProduction":1,"title":"Untitled
        report definition","category":"reportDefinition","updated":"2021-04-02 07:35:03","contributor":"/gdc/account/profile/5ad80b895edcc438e5a4418e222733fa"}}}'
    http_version:
  recorded_at: Fri, 02 Apr 2021 06:35:34 GMT
- request:
    method: get
    uri: https://staging2-lcm-prod.intgdc.com/gdc/md/jn5cngbukz6wb4qdr08fz6mmr8n9ejwc/obj/352
    body:
      encoding: US-ASCII
      string: ''
    headers:
      Accept:
      - application/json, application/zip
      User-Agent:
      - gooddata-gem/2.1.15/x86_64-darwin19/2.3.8
      Content-Type:
      - application/json
      X-Gdc-Authtt:
      - "<X_GDC_AUTHTT>"
      X-Gdc-Request:
      - ":evIkI5mR2md6VWHPY_lTYw:dWhmtIOJiPym0sTMDCz8wQ"
      Stats-On:
      - ''
      X-Gdc-Version:
      - '2'
      Accept-Encoding:
      - gzip;q=1.0,deflate;q=0.6,identity;q=0.3
      Host:
      - staging2-lcm-prod.intgdc.com
  response:
    status:
      code: 200
      message: OK
    headers:
      Date:
      - Fri, 02 Apr 2021 06:35:35 GMT
      Server:
      - undefined
      Content-Type:
      - application/json;charset=UTF-8
      X-Envoy-Upstream-Service-Time:
      - '19'
      X-Gdc-Request-Time:
      - '21'
      X-Gdc-Request:
      - ":evIkI5mR2md6VWHPY_lTYw:dWhmtIOJiPym0sTMDCz8wQ:fz4mo35yK6L0Cx3I"
      Cache-Control:
      - no-cache, no-store, must-revalidate
      Vary:
      - origin,X-GDC-VERSION
      Transfer-Encoding:
      - chunked
      Strict-Transport-Security:
      - max-age=10886400; includeSubDomains; preload;
    body:
      encoding: ASCII-8BIT
      string: '{"metric":{"content":{"format":"#,##0","tree":{"content":[{"content":[{"value":"COUNT","content":[{"value":"/gdc/md/jn5cngbukz6wb4qdr08fz6mmr8n9ejwc/obj/289","position":{"column":27,"line":1},"type":"attribute
        object"}],"position":{"column":21,"line":1},"type":"function"}],"position":{"column":21,"line":1},"type":"expression"}],"position":{"column":14,"line":1},"type":"metric"},"expression":"SELECT
        COUNT([/gdc/md/jn5cngbukz6wb4qdr08fz6mmr8n9ejwc/obj/289])"},"links":{"explain2":"/gdc/md/jn5cngbukz6wb4qdr08fz6mmr8n9ejwc/obj/352/explain2"},"meta":{"author":"/gdc/account/profile/5ad80b895edcc438e5a4418e222733fa","uri":"/gdc/md/jn5cngbukz6wb4qdr08fz6mmr8n9ejwc/obj/352","tags":"","created":"2021-04-02
        07:44:26","identifier":"metric.customers.count","deprecated":"0","summary":"","isProduction":1,"title":"Customers
        Count","category":"metric","updated":"2021-04-02 07:33:07","contributor":"/gdc/account/profile/5ad80b895edcc438e5a4418e222733fa"}}}'
    http_version:
  recorded_at: Fri, 02 Apr 2021 06:35:35 GMT
- request:
    method: get
    uri: https://staging2-lcm-prod.intgdc.com/gdc/md/jn5cngbukz6wb4qdr08fz6mmr8n9ejwc/obj/352
    body:
      encoding: US-ASCII
      string: ''
    headers:
      Accept:
      - application/json, application/zip
      User-Agent:
      - gooddata-gem/2.1.15/x86_64-darwin19/2.3.8
      Content-Type:
      - application/json
      X-Gdc-Authtt:
      - "<X_GDC_AUTHTT>"
      X-Gdc-Request:
      - ":evIkI5mR2md6VWHPY_lTYw:BKeB7JrSCEQKihIQDpeLJQ"
      Stats-On:
      - ''
      X-Gdc-Version:
      - '2'
      Accept-Encoding:
      - gzip;q=1.0,deflate;q=0.6,identity;q=0.3
      Host:
      - staging2-lcm-prod.intgdc.com
  response:
    status:
      code: 200
      message: OK
    headers:
      Date:
      - Fri, 02 Apr 2021 06:35:36 GMT
      Server:
      - undefined
      Content-Type:
      - application/json;charset=UTF-8
      X-Envoy-Upstream-Service-Time:
      - '77'
      X-Gdc-Request-Time:
      - '80'
      X-Gdc-Request:
      - ":evIkI5mR2md6VWHPY_lTYw:BKeB7JrSCEQKihIQDpeLJQ:HNA4vIGZs3pqvI6a"
      Cache-Control:
      - no-cache, no-store, must-revalidate
      Vary:
      - origin,X-GDC-VERSION
      Transfer-Encoding:
      - chunked
      Strict-Transport-Security:
      - max-age=10886400; includeSubDomains; preload;
    body:
      encoding: ASCII-8BIT
      string: '{"metric":{"content":{"format":"#,##0","tree":{"content":[{"content":[{"value":"COUNT","content":[{"value":"/gdc/md/jn5cngbukz6wb4qdr08fz6mmr8n9ejwc/obj/289","position":{"column":27,"line":1},"type":"attribute
        object"}],"position":{"column":21,"line":1},"type":"function"}],"position":{"column":21,"line":1},"type":"expression"}],"position":{"column":14,"line":1},"type":"metric"},"expression":"SELECT
        COUNT([/gdc/md/jn5cngbukz6wb4qdr08fz6mmr8n9ejwc/obj/289])"},"links":{"explain2":"/gdc/md/jn5cngbukz6wb4qdr08fz6mmr8n9ejwc/obj/352/explain2"},"meta":{"author":"/gdc/account/profile/5ad80b895edcc438e5a4418e222733fa","uri":"/gdc/md/jn5cngbukz6wb4qdr08fz6mmr8n9ejwc/obj/352","tags":"","created":"2021-04-02
        07:44:26","identifier":"metric.customers.count","deprecated":"0","summary":"","isProduction":1,"title":"Customers
        Count","category":"metric","updated":"2021-04-02 07:33:07","contributor":"/gdc/account/profile/5ad80b895edcc438e5a4418e222733fa"}}}'
    http_version:
  recorded_at: Fri, 02 Apr 2021 06:35:36 GMT
- request:
    method: get
    uri: https://staging2-lcm-prod.intgdc.com/gdc/md/jn5cngbukz6wb4qdr08fz6mmr8n9ejwc/objects/query?category=metric&limit=50&offset=0
    body:
      encoding: US-ASCII
      string: ''
    headers:
      Accept:
      - application/json, application/zip
      User-Agent:
      - gooddata-gem/2.1.15/x86_64-darwin19/2.3.8
      Content-Type:
      - application/json
      X-Gdc-Authtt:
      - "<X_GDC_AUTHTT>"
      X-Gdc-Request:
      - ":evIkI5mR2md6VWHPY_lTYw:fYlBnekvj7yPR9OcHIQAMQ"
      Stats-On:
      - ''
      X-Gdc-Version:
      - '2'
      Accept-Encoding:
      - gzip;q=1.0,deflate;q=0.6,identity;q=0.3
      Host:
      - staging2-lcm-prod.intgdc.com
  response:
    status:
      code: 200
      message: OK
    headers:
      Date:
      - Fri, 02 Apr 2021 06:35:37 GMT
      Server:
      - undefined
      Content-Type:
      - application/json;charset=UTF-8
      X-Envoy-Upstream-Service-Time:
      - '23'
      X-Gdc-Request-Time:
      - '26'
      X-Gdc-Request:
      - ":evIkI5mR2md6VWHPY_lTYw:fYlBnekvj7yPR9OcHIQAMQ:wkmPygbC6iJOksAD"
      Cache-Control:
      - no-cache, no-store, must-revalidate
      Vary:
      - origin,X-GDC-VERSION
      Transfer-Encoding:
      - chunked
      Strict-Transport-Security:
      - max-age=10886400; includeSubDomains; preload;
    body:
      encoding: ASCII-8BIT
      string: '{"objects":{"paging":{"count":2,"offset":0},"items":[{"metric":{"content":{"format":"#,##0","tree":{"content":[{"content":[{"value":"MAX","content":[{"value":"/gdc/md/jn5cngbukz6wb4qdr08fz6mmr8n9ejwc/obj/318","position":{"column":25,"line":1},"type":"fact
        object"}],"position":{"column":21,"line":1},"type":"function"}],"position":{"column":21,"line":1},"type":"expression"}],"position":{"column":14,"line":1},"type":"metric"},"expression":"SELECT
        MAX([/gdc/md/jn5cngbukz6wb4qdr08fz6mmr8n9ejwc/obj/318])"},"links":{"explain2":"/gdc/md/jn5cngbukz6wb4qdr08fz6mmr8n9ejwc/obj/351/explain2"},"meta":{"author":"/gdc/account/profile/5ad80b895edcc438e5a4418e222733fa","uri":"/gdc/md/jn5cngbukz6wb4qdr08fz6mmr8n9ejwc/obj/351","tags":"metric","created":"2021-04-02
        07:44:26","identifier":"metric.max.claim.amount","deprecated":"0","summary":"","isProduction":1,"title":"Max
        Claim Amount","category":"metric","updated":"2021-04-02 07:32:28","contributor":"/gdc/account/profile/5ad80b895edcc438e5a4418e222733fa"}}},{"metric":{"content":{"format":"#,##0","tree":{"content":[{"content":[{"value":"COUNT","content":[{"value":"/gdc/md/jn5cngbukz6wb4qdr08fz6mmr8n9ejwc/obj/289","position":{"column":27,"line":1},"type":"attribute
        object"}],"position":{"column":21,"line":1},"type":"function"}],"position":{"column":21,"line":1},"type":"expression"}],"position":{"column":14,"line":1},"type":"metric"},"expression":"SELECT
        COUNT([/gdc/md/jn5cngbukz6wb4qdr08fz6mmr8n9ejwc/obj/289])"},"links":{"explain2":"/gdc/md/jn5cngbukz6wb4qdr08fz6mmr8n9ejwc/obj/352/explain2"},"meta":{"author":"/gdc/account/profile/5ad80b895edcc438e5a4418e222733fa","uri":"/gdc/md/jn5cngbukz6wb4qdr08fz6mmr8n9ejwc/obj/352","tags":"","created":"2021-04-02
        07:44:26","identifier":"metric.customers.count","deprecated":"0","summary":"","isProduction":1,"title":"Customers
        Count","category":"metric","updated":"2021-04-02 07:33:07","contributor":"/gdc/account/profile/5ad80b895edcc438e5a4418e222733fa"}}}]}}'
    http_version:
  recorded_at: Fri, 02 Apr 2021 06:35:37 GMT
- request:
    method: get
    uri: https://staging2-lcm-prod.intgdc.com/gdc/md/fefnuturk74qazhri199v7fzzy3q74jh/objects/query?category=metric&limit=50&offset=0
    body:
      encoding: US-ASCII
      string: ''
    headers:
      Accept:
      - application/json, application/zip
      User-Agent:
      - gooddata-gem/2.1.15/x86_64-darwin19/2.3.8
      Content-Type:
      - application/json
      X-Gdc-Authtt:
      - "<X_GDC_AUTHTT>"
      X-Gdc-Request:
      - ":evIkI5mR2md6VWHPY_lTYw:W06Z9XRVQPI752k36Fop4w"
      Stats-On:
      - ''
      X-Gdc-Version:
      - '2'
      Accept-Encoding:
      - gzip;q=1.0,deflate;q=0.6,identity;q=0.3
      Host:
      - staging2-lcm-prod.intgdc.com
  response:
    status:
      code: 200
      message: OK
    headers:
      Date:
      - Fri, 02 Apr 2021 06:35:38 GMT
      Server:
      - undefined
      Content-Type:
      - application/json;charset=UTF-8
      X-Envoy-Upstream-Service-Time:
      - '23'
      X-Gdc-Request-Time:
      - '26'
      X-Gdc-Request:
      - ":evIkI5mR2md6VWHPY_lTYw:W06Z9XRVQPI752k36Fop4w:rRybJxZPt9sYOcLY"
      Cache-Control:
      - no-cache, no-store, must-revalidate
      Vary:
      - origin,X-GDC-VERSION
      Transfer-Encoding:
      - chunked
      Strict-Transport-Security:
      - max-age=10886400; includeSubDomains; preload;
    body:
      encoding: ASCII-8BIT
      string: '{"objects":{"paging":{"count":2,"offset":0},"items":[{"metric":{"content":{"format":"#,##0","tree":{"content":[{"content":[{"value":"MAX","content":[{"value":"/gdc/md/fefnuturk74qazhri199v7fzzy3q74jh/obj/318","position":{"column":25,"line":1},"type":"fact
        object"}],"position":{"column":21,"line":1},"type":"function"}],"position":{"column":21,"line":1},"type":"expression"}],"position":{"column":14,"line":1},"type":"metric"},"expression":"SELECT
        MAX([/gdc/md/fefnuturk74qazhri199v7fzzy3q74jh/obj/318])"},"links":{"explain2":"/gdc/md/fefnuturk74qazhri199v7fzzy3q74jh/obj/351/explain2"},"meta":{"locked":1,"author":"/gdc/account/profile/5ad80b895edcc438e5a4418e222733fa","uri":"/gdc/md/fefnuturk74qazhri199v7fzzy3q74jh/obj/351","tags":"_lcm_managed_object
        metric","created":"2021-04-02 07:44:26","identifier":"metric.max.claim.amount","deprecated":"0","summary":"","isProduction":1,"title":"Max
        Claim Amount","category":"metric","updated":"2021-04-02 08:00:44","contributor":"/gdc/account/profile/5ad80b895edcc438e5a4418e222733fa"}}},{"metric":{"content":{"format":"#,##0","tree":{"content":[{"content":[{"value":"COUNT","content":[{"value":"/gdc/md/fefnuturk74qazhri199v7fzzy3q74jh/obj/289","position":{"column":27,"line":1},"type":"attribute
        object"}],"position":{"column":21,"line":1},"type":"function"}],"position":{"column":21,"line":1},"type":"expression"}],"position":{"column":14,"line":1},"type":"metric"},"expression":"SELECT
        COUNT([/gdc/md/fefnuturk74qazhri199v7fzzy3q74jh/obj/289])"},"links":{"explain2":"/gdc/md/fefnuturk74qazhri199v7fzzy3q74jh/obj/352/explain2"},"meta":{"locked":1,"author":"/gdc/account/profile/5ad80b895edcc438e5a4418e222733fa","uri":"/gdc/md/fefnuturk74qazhri199v7fzzy3q74jh/obj/352","tags":"_lcm_managed_object","created":"2021-04-02
        07:44:26","identifier":"metric.customers.count","deprecated":"0","summary":"","isProduction":1,"title":"Customers
        Count","category":"metric","updated":"2021-04-02 08:00:44","contributor":"/gdc/account/profile/5ad80b895edcc438e5a4418e222733fa"}}}]}}'
    http_version:
  recorded_at: Fri, 02 Apr 2021 06:35:38 GMT
- request:
    method: get
    uri: https://staging2-lcm-prod.intgdc.com/gdc/md/pxk7epmrvnfng3uonunjyca6o7hfx95p/objects/query?category=metric&limit=50&offset=0
    body:
      encoding: US-ASCII
      string: ''
    headers:
      Accept:
      - application/json, application/zip
      User-Agent:
      - gooddata-gem/2.1.15/x86_64-darwin19/2.3.8
      Content-Type:
      - application/json
      X-Gdc-Authtt:
      - "<X_GDC_AUTHTT>"
      X-Gdc-Request:
      - ":evIkI5mR2md6VWHPY_lTYw:TG2_6YaaMQnHDLouad5YtQ"
      Stats-On:
      - ''
      X-Gdc-Version:
      - '2'
      Accept-Encoding:
      - gzip;q=1.0,deflate;q=0.6,identity;q=0.3
      Host:
      - staging2-lcm-prod.intgdc.com
  response:
    status:
      code: 200
      message: OK
    headers:
      Date:
      - Fri, 02 Apr 2021 06:35:39 GMT
      Server:
      - undefined
      Content-Type:
      - application/json;charset=UTF-8
      X-Envoy-Upstream-Service-Time:
      - '22'
      X-Gdc-Request-Time:
      - '25'
      X-Gdc-Request:
      - ":evIkI5mR2md6VWHPY_lTYw:TG2_6YaaMQnHDLouad5YtQ:NAgyKkH1TtRasvBB"
      Cache-Control:
      - no-cache, no-store, must-revalidate
      Vary:
      - origin,X-GDC-VERSION
      Transfer-Encoding:
      - chunked
      Strict-Transport-Security:
      - max-age=10886400; includeSubDomains; preload;
    body:
      encoding: ASCII-8BIT
      string: '{"objects":{"paging":{"count":2,"offset":0},"items":[{"metric":{"content":{"format":"#,##0","tree":{"content":[{"content":[{"value":"MAX","content":[{"value":"/gdc/md/pxk7epmrvnfng3uonunjyca6o7hfx95p/obj/318","position":{"column":25,"line":1},"type":"fact
        object"}],"position":{"column":21,"line":1},"type":"function"}],"position":{"column":21,"line":1},"type":"expression"}],"position":{"column":14,"line":1},"type":"metric"},"expression":"SELECT
        MAX([/gdc/md/pxk7epmrvnfng3uonunjyca6o7hfx95p/obj/318])"},"links":{"explain2":"/gdc/md/pxk7epmrvnfng3uonunjyca6o7hfx95p/obj/351/explain2"},"meta":{"locked":1,"author":"/gdc/account/profile/5ad80b895edcc438e5a4418e222733fa","uri":"/gdc/md/pxk7epmrvnfng3uonunjyca6o7hfx95p/obj/351","tags":"_lcm_managed_object
        metric","created":"2021-04-02 07:44:26","identifier":"metric.max.claim.amount","deprecated":"0","summary":"","isProduction":1,"title":"Max
        Claim Amount","category":"metric","updated":"2021-04-02 08:00:44","contributor":"/gdc/account/profile/5ad80b895edcc438e5a4418e222733fa"}}},{"metric":{"content":{"format":"#,##0","tree":{"content":[{"content":[{"value":"COUNT","content":[{"value":"/gdc/md/pxk7epmrvnfng3uonunjyca6o7hfx95p/obj/289","position":{"column":27,"line":1},"type":"attribute
        object"}],"position":{"column":21,"line":1},"type":"function"}],"position":{"column":21,"line":1},"type":"expression"}],"position":{"column":14,"line":1},"type":"metric"},"expression":"SELECT
        COUNT([/gdc/md/pxk7epmrvnfng3uonunjyca6o7hfx95p/obj/289])"},"links":{"explain2":"/gdc/md/pxk7epmrvnfng3uonunjyca6o7hfx95p/obj/352/explain2"},"meta":{"locked":1,"author":"/gdc/account/profile/5ad80b895edcc438e5a4418e222733fa","uri":"/gdc/md/pxk7epmrvnfng3uonunjyca6o7hfx95p/obj/352","tags":"_lcm_managed_object","created":"2021-04-02
        07:44:26","identifier":"metric.customers.count","deprecated":"0","summary":"","isProduction":1,"title":"Customers
        Count","category":"metric","updated":"2021-04-02 08:00:44","contributor":"/gdc/account/profile/5ad80b895edcc438e5a4418e222733fa"}}}]}}'
    http_version:
  recorded_at: Fri, 02 Apr 2021 06:35:39 GMT
- request:
    method: get
    uri: https://staging2-lcm-prod.intgdc.com/gdc/md/lk2kidblugfl38fdklotewbskm8u4z81/objects/query?category=metric&limit=50&offset=0
    body:
      encoding: US-ASCII
      string: ''
    headers:
      Accept:
      - application/json, application/zip
      User-Agent:
      - gooddata-gem/2.1.15/x86_64-darwin19/2.3.8
      Content-Type:
      - application/json
      X-Gdc-Authtt:
      - "<X_GDC_AUTHTT>"
      X-Gdc-Request:
      - ":evIkI5mR2md6VWHPY_lTYw:0j4FpYg2gYjWD1fTsDlhkQ"
      Stats-On:
      - ''
      X-Gdc-Version:
      - '2'
      Accept-Encoding:
      - gzip;q=1.0,deflate;q=0.6,identity;q=0.3
      Host:
      - staging2-lcm-prod.intgdc.com
  response:
    status:
      code: 200
      message: OK
    headers:
      Date:
      - Fri, 02 Apr 2021 06:35:40 GMT
      Server:
      - undefined
      Content-Type:
      - application/json;charset=UTF-8
      X-Envoy-Upstream-Service-Time:
      - '68'
      X-Gdc-Request-Time:
      - '70'
      X-Gdc-Request:
      - ":evIkI5mR2md6VWHPY_lTYw:0j4FpYg2gYjWD1fTsDlhkQ:IgCA7CDIFE2d6nTJ"
      Cache-Control:
      - no-cache, no-store, must-revalidate
      Vary:
      - origin,X-GDC-VERSION
      Transfer-Encoding:
      - chunked
      Strict-Transport-Security:
      - max-age=10886400; includeSubDomains; preload;
    body:
      encoding: ASCII-8BIT
      string: '{"objects":{"paging":{"count":2,"offset":0},"items":[{"metric":{"content":{"format":"#,##0","tree":{"content":[{"content":[{"value":"MAX","content":[{"value":"/gdc/md/lk2kidblugfl38fdklotewbskm8u4z81/obj/318","position":{"column":25,"line":1},"type":"fact
        object"}],"position":{"column":21,"line":1},"type":"function"}],"position":{"column":21,"line":1},"type":"expression"}],"position":{"column":14,"line":1},"type":"metric"},"expression":"SELECT
        MAX([/gdc/md/lk2kidblugfl38fdklotewbskm8u4z81/obj/318])"},"links":{"explain2":"/gdc/md/lk2kidblugfl38fdklotewbskm8u4z81/obj/351/explain2"},"meta":{"locked":1,"author":"/gdc/account/profile/5ad80b895edcc438e5a4418e222733fa","uri":"/gdc/md/lk2kidblugfl38fdklotewbskm8u4z81/obj/351","tags":"_lcm_managed_object
        metric","created":"2021-04-02 07:44:26","identifier":"metric.max.claim.amount","deprecated":"0","summary":"","isProduction":1,"title":"Max
        Claim Amount","category":"metric","updated":"2021-04-02 08:00:44","contributor":"/gdc/account/profile/5ad80b895edcc438e5a4418e222733fa"}}},{"metric":{"content":{"format":"#,##0","tree":{"content":[{"content":[{"value":"COUNT","content":[{"value":"/gdc/md/lk2kidblugfl38fdklotewbskm8u4z81/obj/289","position":{"column":27,"line":1},"type":"attribute
        object"}],"position":{"column":21,"line":1},"type":"function"}],"position":{"column":21,"line":1},"type":"expression"}],"position":{"column":14,"line":1},"type":"metric"},"expression":"SELECT
        COUNT([/gdc/md/lk2kidblugfl38fdklotewbskm8u4z81/obj/289])"},"links":{"explain2":"/gdc/md/lk2kidblugfl38fdklotewbskm8u4z81/obj/352/explain2"},"meta":{"locked":1,"author":"/gdc/account/profile/5ad80b895edcc438e5a4418e222733fa","uri":"/gdc/md/lk2kidblugfl38fdklotewbskm8u4z81/obj/352","tags":"_lcm_managed_object","created":"2021-04-02
        07:44:26","identifier":"metric.customers.count","deprecated":"0","summary":"","isProduction":1,"title":"Customers
        Count","category":"metric","updated":"2021-04-02 08:00:44","contributor":"/gdc/account/profile/5ad80b895edcc438e5a4418e222733fa"}}}]}}'
    http_version:
  recorded_at: Fri, 02 Apr 2021 06:35:40 GMT
recorded_with: VCR 5.0.0
